  Determinando os projetos a serem restaurados...
  Todos os projetos estão atualizados para restauração.
  Domain -> /home/roberson/Dev/MyNewLittleBank/src/Domain/bin/Debug/net8.0/Domain.dll
/home/roberson/Dev/MyNewLittleBank/src/Shared/Health/HealthCheckExtensions.cs(10,18): warning CA1716: Renomeie o namespace Shared.Health de forma que ele não fique mais em conflito com a palavra-chave reservada de linguagem 'Shared'. Se você usar uma palavra-chave reservada como o nome de um namespace, ficará mais difícil para os consumidores de outras linguagens utilizarem o namespace. (https://learn.microsoft.com/dotnet/fundamentals/code-analysis/quality-rules/ca1716) [/home/roberson/Dev/MyNewLittleBank/src/Shared/Shared.csproj]
/home/roberson/Dev/MyNewLittleBank/src/Shared/Observability/ObservabilityExtensions.cs(184,38): warning S3267: Loop should be simplified by calling Select(property => property.Key)) (https://rules.sonarsource.com/csharp/RSPEC-3267) [/home/roberson/Dev/MyNewLittleBank/src/Shared/Shared.csproj]
/home/roberson/Dev/MyNewLittleBank/src/Shared/Health/HealthCheckExtensions.cs(55,13): warning CA1031: Modifique 'CheckHealthAsync' para capturar um tipo de exceção permitida mais específico ou gerar a exceção novamente (https://learn.microsoft.com/dotnet/fundamentals/code-analysis/quality-rules/ca1031) [/home/roberson/Dev/MyNewLittleBank/src/Shared/Shared.csproj]
/home/roberson/Dev/MyNewLittleBank/src/Shared/Health/HealthCheckExtensions.cs(51,46): warning CA2007: Considere chamar ConfigureAwait na tarefa esperada (https://learn.microsoft.com/dotnet/fundamentals/code-analysis/quality-rules/ca2007) [/home/roberson/Dev/MyNewLittleBank/src/Shared/Shared.csproj]
/home/roberson/Dev/MyNewLittleBank/src/Shared/Health/HealthCheckExtensions.cs(97,13): warning CA1031: Modifique 'CheckHealthAsync' para capturar um tipo de exceção permitida mais específico ou gerar a exceção novamente (https://learn.microsoft.com/dotnet/fundamentals/code-analysis/quality-rules/ca1031) [/home/roberson/Dev/MyNewLittleBank/src/Shared/Shared.csproj]
/home/roberson/Dev/MyNewLittleBank/src/Shared/Health/HealthCheckExtensions.cs(89,46): warning CA2007: Considere chamar ConfigureAwait na tarefa esperada (https://learn.microsoft.com/dotnet/fundamentals/code-analysis/quality-rules/ca2007) [/home/roberson/Dev/MyNewLittleBank/src/Shared/Shared.csproj]
/home/roberson/Dev/MyNewLittleBank/src/Shared/Health/HealthCheckExtensions.cs(93,43): warning CA2007: Considere chamar ConfigureAwait na tarefa esperada (https://learn.microsoft.com/dotnet/fundamentals/code-analysis/quality-rules/ca2007) [/home/roberson/Dev/MyNewLittleBank/src/Shared/Shared.csproj]
/home/roberson/Dev/MyNewLittleBank/src/Shared/Health/HealthCheckExtensions.cs(24,91): warning CA1861: Prefira campos 'static readonly' em vez de argumentos de matriz constante se o método chamado for chamado repetidamente e não estiver modificando a matriz passada (https://learn.microsoft.com/dotnet/fundamentals/code-analysis/quality-rules/ca1861) [/home/roberson/Dev/MyNewLittleBank/src/Shared/Shared.csproj]
/home/roberson/Dev/MyNewLittleBank/src/Shared/Health/HealthCheckExtensions.cs(30,88): warning CA1861: Prefira campos 'static readonly' em vez de argumentos de matriz constante se o método chamado for chamado repetidamente e não estiver modificando a matriz passada (https://learn.microsoft.com/dotnet/fundamentals/code-analysis/quality-rules/ca1861) [/home/roberson/Dev/MyNewLittleBank/src/Shared/Shared.csproj]
/home/roberson/Dev/MyNewLittleBank/src/Shared/Health/HealthCheckExtensions.cs(33,75): warning CA1861: Prefira campos 'static readonly' em vez de argumentos de matriz constante se o método chamado for chamado repetidamente e não estiver modificando a matriz passada (https://learn.microsoft.com/dotnet/fundamentals/code-analysis/quality-rules/ca1861) [/home/roberson/Dev/MyNewLittleBank/src/Shared/Shared.csproj]
/home/roberson/Dev/MyNewLittleBank/src/Shared/Observability/ObservabilityExtensions.cs(113,39): warning CA2000: Chame System.IDisposable.Dispose no objeto criado por 'new ActivitySource(appServiceName)' antes que todas as referências a ele fiquem fora do escopo (https://learn.microsoft.com/dotnet/fundamentals/code-analysis/quality-rules/ca2000) [/home/roberson/Dev/MyNewLittleBank/src/Shared/Shared.csproj]
  Shared -> /home/roberson/Dev/MyNewLittleBank/src/Shared/bin/Debug/net8.0/Shared.dll
/home/roberson/Dev/MyNewLittleBank/src/Infra.Message/TracingIncomingStep.cs(41,12): warning S1135: Complete the task associated to this 'TODO' comment. (https://rules.sonarsource.com/csharp/RSPEC-1135) [/home/roberson/Dev/MyNewLittleBank/src/Infra.Message/Infra.Message.csproj]
/home/roberson/Dev/MyNewLittleBank/src/Infra.Message/MessagingSubscriptionInitializer.cs(38,13): warning CA1848: Para melhorar o desempenho, use os delegados LoggerMessage em vez de chamar 'LoggerExtensions.LogInformation(ILogger, string?, params object?[])' (https://learn.microsoft.com/dotnet/fundamentals/code-analysis/quality-rules/ca1848) [/home/roberson/Dev/MyNewLittleBank/src/Infra.Message/Infra.Message.csproj]
/home/roberson/Dev/MyNewLittleBank/src/Infra.Message/MessagingSubscriptionInitializer.cs(43,9): warning CA1848: Para melhorar o desempenho, use os delegados LoggerMessage em vez de chamar 'LoggerExtensions.LogInformation(ILogger, string?, params object?[])' (https://learn.microsoft.com/dotnet/fundamentals/code-analysis/quality-rules/ca1848) [/home/roberson/Dev/MyNewLittleBank/src/Infra.Message/Infra.Message.csproj]
/home/roberson/Dev/MyNewLittleBank/src/Infra.Message/MessageEnvelopeHandler.cs(32,13): warning CA1848: Para melhorar o desempenho, use os delegados LoggerMessage em vez de chamar 'LoggerExtensions.LogWarning(ILogger, string?, params object?[])' (https://learn.microsoft.com/dotnet/fundamentals/code-analysis/quality-rules/ca1848) [/home/roberson/Dev/MyNewLittleBank/src/Infra.Message/Infra.Message.csproj]
  UseCases -> /home/roberson/Dev/MyNewLittleBank/src/UseCases/bin/Debug/net8.0/UseCases.dll
  Infra.Message -> /home/roberson/Dev/MyNewLittleBank/src/Infra.Message/bin/Debug/net8.0/Infra.Message.dll
  Domain.Tests -> /home/roberson/Dev/MyNewLittleBank/tests/Domain.Tests/bin/Debug/net8.0/Domain.Tests.dll
/home/roberson/Dev/MyNewLittleBank/src/Infra.Database/Migrations/20251216002731_InitialCreate.cs(162,13): warning CA1062: No método visível externamente 'void InitialCreate.Down(MigrationBuilder migrationBuilder)', validar o parâmetro 'migrationBuilder' é não nulo antes de usá-lo. Se apropriado, lance um 'ArgumentNullException' quando o argumento for 'nulo'. (https://learn.microsoft.com/dotnet/fundamentals/code-analysis/quality-rules/ca1062) [/home/roberson/Dev/MyNewLittleBank/src/Infra.Database/Infra.Database.csproj]
/home/roberson/Dev/MyNewLittleBank/src/Infra.Database/Migrations/20251216002731_InitialCreate.cs(14,13): warning CA1062: No método visível externamente 'void InitialCreate.Up(MigrationBuilder migrationBuilder)', validar o parâmetro 'migrationBuilder' é não nulo antes de usá-lo. Se apropriado, lance um 'ArgumentNullException' quando o argumento for 'nulo'. (https://learn.microsoft.com/dotnet/fundamentals/code-analysis/quality-rules/ca1062) [/home/roberson/Dev/MyNewLittleBank/src/Infra.Database/Infra.Database.csproj]
/home/roberson/Dev/MyNewLittleBank/src/Services.Heartbeats/Program.cs(13,14): warning CS0219: A variável "serviceName" é atribuída, mas seu valor nunca é usado [/home/roberson/Dev/MyNewLittleBank/src/Services.Heartbeats/Services.Heartbeats.csproj]
/home/roberson/Dev/MyNewLittleBank/src/Services.Heartbeats/HeartbeatConsumer.cs(43,13): warning CA1848: Para melhorar o desempenho, use os delegados LoggerMessage em vez de chamar 'LoggerExtensions.LogDebug(ILogger, string?, params object?[])' (https://learn.microsoft.com/dotnet/fundamentals/code-analysis/quality-rules/ca1848) [/home/roberson/Dev/MyNewLittleBank/src/Services.Heartbeats/Services.Heartbeats.csproj]
/home/roberson/Dev/MyNewLittleBank/src/Services.Heartbeats/HeartbeatConsumer.cs(50,13): warning CA1848: Para melhorar o desempenho, use os delegados LoggerMessage em vez de chamar 'LoggerExtensions.LogWarning(ILogger, string?, params object?[])' (https://learn.microsoft.com/dotnet/fundamentals/code-analysis/quality-rules/ca1848) [/home/roberson/Dev/MyNewLittleBank/src/Services.Heartbeats/Services.Heartbeats.csproj]
/home/roberson/Dev/MyNewLittleBank/src/Services.Heartbeats/Program.cs(13,14): warning S1481: Remove the unused local variable 'serviceName'. (https://rules.sonarsource.com/csharp/RSPEC-1481) [/home/roberson/Dev/MyNewLittleBank/src/Services.Heartbeats/Services.Heartbeats.csproj]
  UseCases.Tests -> /home/roberson/Dev/MyNewLittleBank/tests/UseCases.Tests/bin/Debug/net8.0/UseCases.Tests.dll
  Infra.Database -> /home/roberson/Dev/MyNewLittleBank/src/Infra.Database/bin/Debug/net8.0/Infra.Database.dll
  Services.Heartbeats -> /home/roberson/Dev/MyNewLittleBank/src/Services.Heartbeats/bin/Debug/net8.0/Services.Heartbeats.dll
/home/roberson/Dev/MyNewLittleBank/src/Mock.Transactions/Program.cs(13,14): warning CS0219: A variável "serviceName" é atribuída, mas seu valor nunca é usado [/home/roberson/Dev/MyNewLittleBank/src/Mock.Transactions/Mock.Transactions.csproj]
/home/roberson/Dev/MyNewLittleBank/src/Mock.Transactions/MockTransactionsSettings.cs(10,19): warning CA1056: Altere o tipo da propriedade 'MockTransactionsSettings.ApiBaseUrl' de 'string' para 'System.Uri' (https://learn.microsoft.com/dotnet/fundamentals/code-analysis/quality-rules/ca1056) [/home/roberson/Dev/MyNewLittleBank/src/Mock.Transactions/Mock.Transactions.csproj]
/home/roberson/Dev/MyNewLittleBank/src/Mock.Transactions/ApiSeedService.cs(135,16): warning CA1305: O comportamento de 'int.ToString()' pode variar dependendo das configurações de localidade do usuário atual. Substitua esta chamada em 'ApiSeedService.GenerateAccountNumber(int, int)' por uma chamada para 'int.ToString(IFormatProvider)'. (https://learn.microsoft.com/dotnet/fundamentals/code-analysis/quality-rules/ca1305) [/home/roberson/Dev/MyNewLittleBank/src/Mock.Transactions/Mock.Transactions.csproj]
/home/roberson/Dev/MyNewLittleBank/src/Mock.Transactions/ApiSeedService.cs(109,16): warning CA5394: Random é um gerador de números aleatórios não seguro. Use geradores de números aleatórios criptograficamente seguros quando a aleatoriedade for necessária para segurança. (https://learn.microsoft.com/dotnet/fundamentals/code-analysis/quality-rules/ca5394) [/home/roberson/Dev/MyNewLittleBank/src/Mock.Transactions/Mock.Transactions.csproj]
/home/roberson/Dev/MyNewLittleBank/src/Mock.Transactions/ApiSeedService.cs(36,13): warning CA1848: Para melhorar o desempenho, use os delegados LoggerMessage em vez de chamar 'LoggerExtensions.LogInformation(ILogger, string?, params object?[])' (https://learn.microsoft.com/dotnet/fundamentals/code-analysis/quality-rules/ca1848) [/home/roberson/Dev/MyNewLittleBank/src/Mock.Transactions/Mock.Transactions.csproj]
/home/roberson/Dev/MyNewLittleBank/src/Mock.Transactions/ApiSeedService.cs(42,13): warning CA1848: Para melhorar o desempenho, use os delegados LoggerMessage em vez de chamar 'LoggerExtensions.LogError(ILogger, string?, params object?[])' (https://learn.microsoft.com/dotnet/fundamentals/code-analysis/quality-rules/ca1848) [/home/roberson/Dev/MyNewLittleBank/src/Mock.Transactions/Mock.Transactions.csproj]
/home/roberson/Dev/MyNewLittleBank/src/Mock.Transactions/ApiSeedService.cs(53,13): warning CA1848: Para melhorar o desempenho, use os delegados LoggerMessage em vez de chamar 'LoggerExtensions.LogInformation(ILogger, string?, params object?[])' (https://learn.microsoft.com/dotnet/fundamentals/code-analysis/quality-rules/ca1848) [/home/roberson/Dev/MyNewLittleBank/src/Mock.Transactions/Mock.Transactions.csproj]
/home/roberson/Dev/MyNewLittleBank/src/Mock.Transactions/ApiSeedService.cs(65,17): warning CA1848: Para melhorar o desempenho, use os delegados LoggerMessage em vez de chamar 'LoggerExtensions.LogError(ILogger, string?, params object?[])' (https://learn.microsoft.com/dotnet/fundamentals/code-analysis/quality-rules/ca1848) [/home/roberson/Dev/MyNewLittleBank/src/Mock.Transactions/Mock.Transactions.csproj]
/home/roberson/Dev/MyNewLittleBank/src/Mock.Transactions/ApiSeedService.cs(76,21): warning CA1848: Para melhorar o desempenho, use os delegados LoggerMessage em vez de chamar 'LoggerExtensions.LogError(ILogger, string?, params object?[])' (https://learn.microsoft.com/dotnet/fundamentals/code-analysis/quality-rules/ca1848) [/home/roberson/Dev/MyNewLittleBank/src/Mock.Transactions/Mock.Transactions.csproj]
/home/roberson/Dev/MyNewLittleBank/src/Mock.Transactions/ApiSeedService.cs(85,9): warning CA1848: Para melhorar o desempenho, use os delegados LoggerMessage em vez de chamar 'LoggerExtensions.LogInformation(ILogger, string?, params object?[])' (https://learn.microsoft.com/dotnet/fundamentals/code-analysis/quality-rules/ca1848) [/home/roberson/Dev/MyNewLittleBank/src/Mock.Transactions/Mock.Transactions.csproj]
/home/roberson/Dev/MyNewLittleBank/src/Mock.Transactions/ApiSeedService.cs(145,26): warning CA5394: Random é um gerador de números aleatórios não seguro. Use geradores de números aleatórios criptograficamente seguros quando a aleatoriedade for necessária para segurança. (https://learn.microsoft.com/dotnet/fundamentals/code-analysis/quality-rules/ca5394) [/home/roberson/Dev/MyNewLittleBank/src/Mock.Transactions/Mock.Transactions.csproj]
/home/roberson/Dev/MyNewLittleBank/src/Mock.Transactions/TransactionDtoGeneratorFactory.cs(103,22): warning CA1307: 'string.Replace(string, string?)' tem uma sobrecarga de método que usa um parâmetro 'StringComparison'. Substitua essa chamada em 'Mock.Transactions.TransactionDtoGeneratorFactory.GenerateCardNumber(Bogus.Faker)' por uma chamada para 'string.Replace(string, string?, System.StringComparison)' para esclarecer a intenção. (https://learn.microsoft.com/dotnet/fundamentals/code-analysis/quality-rules/ca1307) [/home/roberson/Dev/MyNewLittleBank/src/Mock.Transactions/Mock.Transactions.csproj]
/home/roberson/Dev/MyNewLittleBank/src/Mock.Transactions/TransactionDtoGeneratorFactory.cs(103,22): warning CA1307: 'string.Replace(string, string?)' tem uma sobrecarga de método que usa um parâmetro 'StringComparison'. Substitua essa chamada em 'Mock.Transactions.TransactionDtoGeneratorFactory.GenerateCardNumber(Bogus.Faker)' por uma chamada para 'string.Replace(string, string?, System.StringComparison)' para esclarecer a intenção. (https://learn.microsoft.com/dotnet/fundamentals/code-analysis/quality-rules/ca1307) [/home/roberson/Dev/MyNewLittleBank/src/Mock.Transactions/Mock.Transactions.csproj]
/home/roberson/Dev/MyNewLittleBank/src/Mock.Transactions/SeededAccountProvider.cs(25,21): warning CA5394: Random é um gerador de números aleatórios não seguro. Use geradores de números aleatórios criptograficamente seguros quando a aleatoriedade for necessária para segurança. (https://learn.microsoft.com/dotnet/fundamentals/code-analysis/quality-rules/ca5394) [/home/roberson/Dev/MyNewLittleBank/src/Mock.Transactions/Mock.Transactions.csproj]
/home/roberson/Dev/MyNewLittleBank/src/Mock.Transactions/ApiSeedService.cs(229,9): warning CA1848: Para melhorar o desempenho, use os delegados LoggerMessage em vez de chamar 'LoggerExtensions.LogDebug(ILogger, string?, params object?[])' (https://learn.microsoft.com/dotnet/fundamentals/code-analysis/quality-rules/ca1848) [/home/roberson/Dev/MyNewLittleBank/src/Mock.Transactions/Mock.Transactions.csproj]
/home/roberson/Dev/MyNewLittleBank/src/Mock.Transactions/ApiSeedService.cs(241,17): warning CA1848: Para melhorar o desempenho, use os delegados LoggerMessage em vez de chamar 'LoggerExtensions.LogInformation(ILogger, string?, params object?[])' (https://learn.microsoft.com/dotnet/fundamentals/code-analysis/quality-rules/ca1848) [/home/roberson/Dev/MyNewLittleBank/src/Mock.Transactions/Mock.Transactions.csproj]
/home/roberson/Dev/MyNewLittleBank/src/Mock.Transactions/ApiSeedService.cs(247,17): warning CA1848: Para melhorar o desempenho, use os delegados LoggerMessage em vez de chamar 'LoggerExtensions.LogWarning(ILogger, string?, params object?[])' (https://learn.microsoft.com/dotnet/fundamentals/code-analysis/quality-rules/ca1848) [/home/roberson/Dev/MyNewLittleBank/src/Mock.Transactions/Mock.Transactions.csproj]
/home/roberson/Dev/MyNewLittleBank/src/Mock.Transactions/ApiSeedService.cs(253,21): warning CA1848: Para melhorar o desempenho, use os delegados LoggerMessage em vez de chamar 'LoggerExtensions.LogInformation(ILogger, string?, params object?[])' (https://learn.microsoft.com/dotnet/fundamentals/code-analysis/quality-rules/ca1848) [/home/roberson/Dev/MyNewLittleBank/src/Mock.Transactions/Mock.Transactions.csproj]
/home/roberson/Dev/MyNewLittleBank/src/Mock.Transactions/ApiSeedService.cs(257,25): warning CA1848: Para melhorar o desempenho, use os delegados LoggerMessage em vez de chamar 'LoggerExtensions.LogInformation(ILogger, string?, params object?[])' (https://learn.microsoft.com/dotnet/fundamentals/code-analysis/quality-rules/ca1848) [/home/roberson/Dev/MyNewLittleBank/src/Mock.Transactions/Mock.Transactions.csproj]
/home/roberson/Dev/MyNewLittleBank/src/Mock.Transactions/ApiSeedService.cs(264,21): warning CA1848: Para melhorar o desempenho, use os delegados LoggerMessage em vez de chamar 'LoggerExtensions.LogError(ILogger, string?, params object?[])' (https://learn.microsoft.com/dotnet/fundamentals/code-analysis/quality-rules/ca1848) [/home/roberson/Dev/MyNewLittleBank/src/Mock.Transactions/Mock.Transactions.csproj]
/home/roberson/Dev/MyNewLittleBank/src/Mock.Transactions/ApiSeedService.cs(272,13): warning CA1848: Para melhorar o desempenho, use os delegados LoggerMessage em vez de chamar 'LoggerExtensions.LogError(ILogger, string?, params object?[])' (https://learn.microsoft.com/dotnet/fundamentals/code-analysis/quality-rules/ca1848) [/home/roberson/Dev/MyNewLittleBank/src/Mock.Transactions/Mock.Transactions.csproj]
/home/roberson/Dev/MyNewLittleBank/src/Mock.Transactions/ApiSeedService.cs(279,13): warning CA1848: Para melhorar o desempenho, use os delegados LoggerMessage em vez de chamar 'LoggerExtensions.LogError(ILogger, Exception?, string?, params object?[])' (https://learn.microsoft.com/dotnet/fundamentals/code-analysis/quality-rules/ca1848) [/home/roberson/Dev/MyNewLittleBank/src/Mock.Transactions/Mock.Transactions.csproj]
/home/roberson/Dev/MyNewLittleBank/src/Mock.Transactions/SeededAccountProvider.cs(43,21): warning CA5394: Random é um gerador de números aleatórios não seguro. Use geradores de números aleatórios criptograficamente seguros quando a aleatoriedade for necessária para segurança. (https://learn.microsoft.com/dotnet/fundamentals/code-analysis/quality-rules/ca5394) [/home/roberson/Dev/MyNewLittleBank/src/Mock.Transactions/Mock.Transactions.csproj]
/home/roberson/Dev/MyNewLittleBank/src/Mock.Transactions/ApiSeedService.cs(277,9): warning CA1031: Modifique 'GetOrCreateClientAsync' para capturar um tipo de exceção permitida mais específico ou gerar a exceção novamente (https://learn.microsoft.com/dotnet/fundamentals/code-analysis/quality-rules/ca1031) [/home/roberson/Dev/MyNewLittleBank/src/Mock.Transactions/Mock.Transactions.csproj]
/home/roberson/Dev/MyNewLittleBank/src/Mock.Transactions/ApiSeedService.cs(398,34): warning CA2234: Modifique 'ApiSeedService.GetAccountAsync(string, CancellationToken)' para chamar 'HttpClient.GetAsync(Uri, CancellationToken)', em vez de 'HttpClient.GetAsync(string, CancellationToken)' (https://learn.microsoft.com/dotnet/fundamentals/code-analysis/quality-rules/ca2234) [/home/roberson/Dev/MyNewLittleBank/src/Mock.Transactions/Mock.Transactions.csproj]
/home/roberson/Dev/MyNewLittleBank/src/Mock.Transactions/ApiSeedService.cs(395,9): warning CA1848: Para melhorar o desempenho, use os delegados LoggerMessage em vez de chamar 'LoggerExtensions.LogDebug(ILogger, string?, params object?[])' (https://learn.microsoft.com/dotnet/fundamentals/code-analysis/quality-rules/ca1848) [/home/roberson/Dev/MyNewLittleBank/src/Mock.Transactions/Mock.Transactions.csproj]
/home/roberson/Dev/MyNewLittleBank/src/Mock.Transactions/ApiSeedService.cs(401,17): warning CA1848: Para melhorar o desempenho, use os delegados LoggerMessage em vez de chamar 'LoggerExtensions.LogDebug(ILogger, string?, params object?[])' (https://learn.microsoft.com/dotnet/fundamentals/code-analysis/quality-rules/ca1848) [/home/roberson/Dev/MyNewLittleBank/src/Mock.Transactions/Mock.Transactions.csproj]
/home/roberson/Dev/MyNewLittleBank/src/Mock.Transactions/ApiSeedService.cs(408,17): warning CA1848: Para melhorar o desempenho, use os delegados LoggerMessage em vez de chamar 'LoggerExtensions.LogError(ILogger, string?, params object?[])' (https://learn.microsoft.com/dotnet/fundamentals/code-analysis/quality-rules/ca1848) [/home/roberson/Dev/MyNewLittleBank/src/Mock.Transactions/Mock.Transactions.csproj]
/home/roberson/Dev/MyNewLittleBank/src/Mock.Transactions/ApiSeedService.cs(415,13): warning CA1848: Para melhorar o desempenho, use os delegados LoggerMessage em vez de chamar 'LoggerExtensions.LogDebug(ILogger, string?, params object?[])' (https://learn.microsoft.com/dotnet/fundamentals/code-analysis/quality-rules/ca1848) [/home/roberson/Dev/MyNewLittleBank/src/Mock.Transactions/Mock.Transactions.csproj]
/home/roberson/Dev/MyNewLittleBank/src/Mock.Transactions/ApiSeedService.cs(420,13): warning CA1848: Para melhorar o desempenho, use os delegados LoggerMessage em vez de chamar 'LoggerExtensions.LogError(ILogger, Exception?, string?, params object?[])' (https://learn.microsoft.com/dotnet/fundamentals/code-analysis/quality-rules/ca1848) [/home/roberson/Dev/MyNewLittleBank/src/Mock.Transactions/Mock.Transactions.csproj]
/home/roberson/Dev/MyNewLittleBank/src/Mock.Transactions/ApiSeedService.cs(418,9): warning CA1031: Modifique 'GetAccountAsync' para capturar um tipo de exceção permitida mais específico ou gerar a exceção novamente (https://learn.microsoft.com/dotnet/fundamentals/code-analysis/quality-rules/ca1031) [/home/roberson/Dev/MyNewLittleBank/src/Mock.Transactions/Mock.Transactions.csproj]
/home/roberson/Dev/MyNewLittleBank/src/Mock.Transactions/MockTransactionsWorker.cs(170,17): warning S1066: Merge this if statement with the enclosing one. (https://rules.sonarsource.com/csharp/RSPEC-1066) [/home/roberson/Dev/MyNewLittleBank/src/Mock.Transactions/Mock.Transactions.csproj]
/home/roberson/Dev/MyNewLittleBank/src/Mock.Transactions/ApiSeedService.cs(289,34): warning CA2234: Modifique 'ApiSeedService.GetClientByCpfAsync(string, CancellationToken)' para chamar 'HttpClient.GetAsync(Uri, CancellationToken)', em vez de 'HttpClient.GetAsync(string, CancellationToken)' (https://learn.microsoft.com/dotnet/fundamentals/code-analysis/quality-rules/ca2234) [/home/roberson/Dev/MyNewLittleBank/src/Mock.Transactions/Mock.Transactions.csproj]
/home/roberson/Dev/MyNewLittleBank/src/Mock.Transactions/ApiSeedService.cs(286,9): warning CA1848: Para melhorar o desempenho, use os delegados LoggerMessage em vez de chamar 'LoggerExtensions.LogDebug(ILogger, string?, params object?[])' (https://learn.microsoft.com/dotnet/fundamentals/code-analysis/quality-rules/ca1848) [/home/roberson/Dev/MyNewLittleBank/src/Mock.Transactions/Mock.Transactions.csproj]
/home/roberson/Dev/MyNewLittleBank/src/Mock.Transactions/ApiSeedService.cs(292,17): warning CA1848: Para melhorar o desempenho, use os delegados LoggerMessage em vez de chamar 'LoggerExtensions.LogWarning(ILogger, string?, params object?[])' (https://learn.microsoft.com/dotnet/fundamentals/code-analysis/quality-rules/ca1848) [/home/roberson/Dev/MyNewLittleBank/src/Mock.Transactions/Mock.Transactions.csproj]
/home/roberson/Dev/MyNewLittleBank/src/Mock.Transactions/ApiSeedService.cs(299,17): warning CA1848: Para melhorar o desempenho, use os delegados LoggerMessage em vez de chamar 'LoggerExtensions.LogError(ILogger, string?, params object?[])' (https://learn.microsoft.com/dotnet/fundamentals/code-analysis/quality-rules/ca1848) [/home/roberson/Dev/MyNewLittleBank/src/Mock.Transactions/Mock.Transactions.csproj]
/home/roberson/Dev/MyNewLittleBank/src/Mock.Transactions/ApiSeedService.cs(306,13): warning CA1848: Para melhorar o desempenho, use os delegados LoggerMessage em vez de chamar 'LoggerExtensions.LogDebug(ILogger, string?, params object?[])' (https://learn.microsoft.com/dotnet/fundamentals/code-analysis/quality-rules/ca1848) [/home/roberson/Dev/MyNewLittleBank/src/Mock.Transactions/Mock.Transactions.csproj]
/home/roberson/Dev/MyNewLittleBank/src/Mock.Transactions/ApiSeedService.cs(311,13): warning CA1848: Para melhorar o desempenho, use os delegados LoggerMessage em vez de chamar 'LoggerExtensions.LogError(ILogger, Exception?, string?, params object?[])' (https://learn.microsoft.com/dotnet/fundamentals/code-analysis/quality-rules/ca1848) [/home/roberson/Dev/MyNewLittleBank/src/Mock.Transactions/Mock.Transactions.csproj]
/home/roberson/Dev/MyNewLittleBank/src/Mock.Transactions/ApiSeedService.cs(439,13): warning CA1848: Para melhorar o desempenho, use os delegados LoggerMessage em vez de chamar 'LoggerExtensions.LogWarning(ILogger, Exception?, string?, params object?[])' (https://learn.microsoft.com/dotnet/fundamentals/code-analysis/quality-rules/ca1848) [/home/roberson/Dev/MyNewLittleBank/src/Mock.Transactions/Mock.Transactions.csproj]
/home/roberson/Dev/MyNewLittleBank/src/Mock.Transactions/ApiSeedService.cs(437,9): warning CA1031: Modifique 'ReadErrorResponseBodyAsync' para capturar um tipo de exceção permitida mais específico ou gerar a exceção novamente (https://learn.microsoft.com/dotnet/fundamentals/code-analysis/quality-rules/ca1031) [/home/roberson/Dev/MyNewLittleBank/src/Mock.Transactions/Mock.Transactions.csproj]
/home/roberson/Dev/MyNewLittleBank/src/Mock.Transactions/ApiSeedService.cs(309,9): warning CA1031: Modifique 'GetClientByCpfAsync' para capturar um tipo de exceção permitida mais específico ou gerar a exceção novamente (https://learn.microsoft.com/dotnet/fundamentals/code-analysis/quality-rules/ca1031) [/home/roberson/Dev/MyNewLittleBank/src/Mock.Transactions/Mock.Transactions.csproj]
/home/roberson/Dev/MyNewLittleBank/src/Mock.Transactions/ApiSeedService.cs(318,9): warning CA1848: Para melhorar o desempenho, use os delegados LoggerMessage em vez de chamar 'LoggerExtensions.LogDebug(ILogger, string?, params object?[])' (https://learn.microsoft.com/dotnet/fundamentals/code-analysis/quality-rules/ca1848) [/home/roberson/Dev/MyNewLittleBank/src/Mock.Transactions/Mock.Transactions.csproj]
/home/roberson/Dev/MyNewLittleBank/src/Mock.Transactions/ApiSeedService.cs(334,17): warning CA1848: Para melhorar o desempenho, use os delegados LoggerMessage em vez de chamar 'LoggerExtensions.LogInformation(ILogger, string?, params object?[])' (https://learn.microsoft.com/dotnet/fundamentals/code-analysis/quality-rules/ca1848) [/home/roberson/Dev/MyNewLittleBank/src/Mock.Transactions/Mock.Transactions.csproj]
/home/roberson/Dev/MyNewLittleBank/src/Mock.Transactions/ApiSeedService.cs(340,17): warning CA1848: Para melhorar o desempenho, use os delegados LoggerMessage em vez de chamar 'LoggerExtensions.LogWarning(ILogger, string?, params object?[])' (https://learn.microsoft.com/dotnet/fundamentals/code-analysis/quality-rules/ca1848) [/home/roberson/Dev/MyNewLittleBank/src/Mock.Transactions/Mock.Transactions.csproj]
/home/roberson/Dev/MyNewLittleBank/src/Mock.Transactions/ApiSeedService.cs(346,21): warning CA1848: Para melhorar o desempenho, use os delegados LoggerMessage em vez de chamar 'LoggerExtensions.LogInformation(ILogger, string?, params object?[])' (https://learn.microsoft.com/dotnet/fundamentals/code-analysis/quality-rules/ca1848) [/home/roberson/Dev/MyNewLittleBank/src/Mock.Transactions/Mock.Transactions.csproj]
/home/roberson/Dev/MyNewLittleBank/src/Mock.Transactions/ApiSeedService.cs(350,25): warning CA1848: Para melhorar o desempenho, use os delegados LoggerMessage em vez de chamar 'LoggerExtensions.LogInformation(ILogger, string?, params object?[])' (https://learn.microsoft.com/dotnet/fundamentals/code-analysis/quality-rules/ca1848) [/home/roberson/Dev/MyNewLittleBank/src/Mock.Transactions/Mock.Transactions.csproj]
/home/roberson/Dev/MyNewLittleBank/src/Mock.Transactions/ApiSeedService.cs(356,21): warning CA1848: Para melhorar o desempenho, use os delegados LoggerMessage em vez de chamar 'LoggerExtensions.LogError(ILogger, string?, params object?[])' (https://learn.microsoft.com/dotnet/fundamentals/code-analysis/quality-rules/ca1848) [/home/roberson/Dev/MyNewLittleBank/src/Mock.Transactions/Mock.Transactions.csproj]
/home/roberson/Dev/MyNewLittleBank/src/Mock.Transactions/ApiSeedService.cs(364,21): warning CA1848: Para melhorar o desempenho, use os delegados LoggerMessage em vez de chamar 'LoggerExtensions.LogError(ILogger, string?, params object?[])' (https://learn.microsoft.com/dotnet/fundamentals/code-analysis/quality-rules/ca1848) [/home/roberson/Dev/MyNewLittleBank/src/Mock.Transactions/Mock.Transactions.csproj]
/home/roberson/Dev/MyNewLittleBank/src/Mock.Transactions/ApiSeedService.cs(374,17): warning CA1848: Para melhorar o desempenho, use os delegados LoggerMessage em vez de chamar 'LoggerExtensions.LogError(ILogger, string?, params object?[])' (https://learn.microsoft.com/dotnet/fundamentals/code-analysis/quality-rules/ca1848) [/home/roberson/Dev/MyNewLittleBank/src/Mock.Transactions/Mock.Transactions.csproj]
/home/roberson/Dev/MyNewLittleBank/src/Mock.Transactions/ApiSeedService.cs(381,13): warning CA1848: Para melhorar o desempenho, use os delegados LoggerMessage em vez de chamar 'LoggerExtensions.LogError(ILogger, string?, params object?[])' (https://learn.microsoft.com/dotnet/fundamentals/code-analysis/quality-rules/ca1848) [/home/roberson/Dev/MyNewLittleBank/src/Mock.Transactions/Mock.Transactions.csproj]
/home/roberson/Dev/MyNewLittleBank/src/Mock.Transactions/ApiSeedService.cs(388,13): warning CA1848: Para melhorar o desempenho, use os delegados LoggerMessage em vez de chamar 'LoggerExtensions.LogError(ILogger, Exception?, string?, params object?[])' (https://learn.microsoft.com/dotnet/fundamentals/code-analysis/quality-rules/ca1848) [/home/roberson/Dev/MyNewLittleBank/src/Mock.Transactions/Mock.Transactions.csproj]
/home/roberson/Dev/MyNewLittleBank/src/Mock.Transactions/MockTransactionsWorker.cs(72,21): warning CA1848: Para melhorar o desempenho, use os delegados LoggerMessage em vez de chamar 'LoggerExtensions.LogWarning(ILogger, string?, params object?[])' (https://learn.microsoft.com/dotnet/fundamentals/code-analysis/quality-rules/ca1848) [/home/roberson/Dev/MyNewLittleBank/src/Mock.Transactions/Mock.Transactions.csproj]
/home/roberson/Dev/MyNewLittleBank/src/Mock.Transactions/MockTransactionsWorker.cs(95,17): warning CA1848: Para melhorar o desempenho, use os delegados LoggerMessage em vez de chamar 'LoggerExtensions.LogWarning(ILogger, string?, params object?[])' (https://learn.microsoft.com/dotnet/fundamentals/code-analysis/quality-rules/ca1848) [/home/roberson/Dev/MyNewLittleBank/src/Mock.Transactions/Mock.Transactions.csproj]
/home/roberson/Dev/MyNewLittleBank/src/Mock.Transactions/MockTransactionsWorker.cs(114,17): warning CA1848: Para melhorar o desempenho, use os delegados LoggerMessage em vez de chamar 'LoggerExtensions.LogWarning(ILogger, Exception?, string?, params object?[])' (https://learn.microsoft.com/dotnet/fundamentals/code-analysis/quality-rules/ca1848) [/home/roberson/Dev/MyNewLittleBank/src/Mock.Transactions/Mock.Transactions.csproj]
/home/roberson/Dev/MyNewLittleBank/src/Mock.Transactions/MockTransactionsWorker.cs(130,17): warning CA1848: Para melhorar o desempenho, use os delegados LoggerMessage em vez de chamar 'LoggerExtensions.LogError(ILogger, string?, params object?[])' (https://learn.microsoft.com/dotnet/fundamentals/code-analysis/quality-rules/ca1848) [/home/roberson/Dev/MyNewLittleBank/src/Mock.Transactions/Mock.Transactions.csproj]
/home/roberson/Dev/MyNewLittleBank/src/Mock.Transactions/MockTransactionsWorker.cs(145,25): warning CA1848: Para melhorar o desempenho, use os delegados LoggerMessage em vez de chamar 'LoggerExtensions.LogError(ILogger, string?, params object?[])' (https://learn.microsoft.com/dotnet/fundamentals/code-analysis/quality-rules/ca1848) [/home/roberson/Dev/MyNewLittleBank/src/Mock.Transactions/Mock.Transactions.csproj]
/home/roberson/Dev/MyNewLittleBank/src/Mock.Transactions/MockTransactionsWorker.cs(152,21): warning CA1848: Para melhorar o desempenho, use os delegados LoggerMessage em vez de chamar 'LoggerExtensions.LogError(ILogger, Exception?, string?, params object?[])' (https://learn.microsoft.com/dotnet/fundamentals/code-analysis/quality-rules/ca1848) [/home/roberson/Dev/MyNewLittleBank/src/Mock.Transactions/Mock.Transactions.csproj]
/home/roberson/Dev/MyNewLittleBank/src/Mock.Transactions/MockTransactionsWorker.cs(163,21): warning CA1848: Para melhorar o desempenho, use os delegados LoggerMessage em vez de chamar 'LoggerExtensions.LogError(ILogger, string?, params object?[])' (https://learn.microsoft.com/dotnet/fundamentals/code-analysis/quality-rules/ca1848) [/home/roberson/Dev/MyNewLittleBank/src/Mock.Transactions/Mock.Transactions.csproj]
/home/roberson/Dev/MyNewLittleBank/src/Mock.Transactions/MockTransactionsWorker.cs(172,21): warning CA1848: Para melhorar o desempenho, use os delegados LoggerMessage em vez de chamar 'LoggerExtensions.LogError(ILogger, string?, params object?[])' (https://learn.microsoft.com/dotnet/fundamentals/code-analysis/quality-rules/ca1848) [/home/roberson/Dev/MyNewLittleBank/src/Mock.Transactions/Mock.Transactions.csproj]
/home/roberson/Dev/MyNewLittleBank/src/Mock.Transactions/MockTransactionsWorker.cs(187,17): warning CA1848: Para melhorar o desempenho, use os delegados LoggerMessage em vez de chamar 'LoggerExtensions.LogError(ILogger, string?, params object?[])' (https://learn.microsoft.com/dotnet/fundamentals/code-analysis/quality-rules/ca1848) [/home/roberson/Dev/MyNewLittleBank/src/Mock.Transactions/Mock.Transactions.csproj]
/home/roberson/Dev/MyNewLittleBank/src/Mock.Transactions/MockTransactionsWorker.cs(194,22): warning CA1308: No método 'ExecuteAsync', substitua a chamada para 'ToLowerInvariant' por 'ToUpperInvariant' (https://learn.microsoft.com/dotnet/fundamentals/code-analysis/quality-rules/ca1308) [/home/roberson/Dev/MyNewLittleBank/src/Mock.Transactions/Mock.Transactions.csproj]
/home/roberson/Dev/MyNewLittleBank/src/Mock.Transactions/ApiSeedService.cs(386,9): warning CA1031: Modifique 'GetOrCreateAccountAsync' para capturar um tipo de exceção permitida mais específico ou gerar a exceção novamente (https://learn.microsoft.com/dotnet/fundamentals/code-analysis/quality-rules/ca1031) [/home/roberson/Dev/MyNewLittleBank/src/Mock.Transactions/Mock.Transactions.csproj]
/home/roberson/Dev/MyNewLittleBank/src/Mock.Transactions/MockTransactionsWorker.cs(89,43): warning CA5394: Random é um gerador de números aleatórios não seguro. Use geradores de números aleatórios criptograficamente seguros quando a aleatoriedade for necessária para segurança. (https://learn.microsoft.com/dotnet/fundamentals/code-analysis/quality-rules/ca5394) [/home/roberson/Dev/MyNewLittleBank/src/Mock.Transactions/Mock.Transactions.csproj]
/home/roberson/Dev/MyNewLittleBank/src/Mock.Transactions/ApiSeedService.cs(189,17): warning CA1848: Para melhorar o desempenho, use os delegados LoggerMessage em vez de chamar 'LoggerExtensions.LogWarning(ILogger, string?, params object?[])' (https://learn.microsoft.com/dotnet/fundamentals/code-analysis/quality-rules/ca1848) [/home/roberson/Dev/MyNewLittleBank/src/Mock.Transactions/Mock.Transactions.csproj]
/home/roberson/Dev/MyNewLittleBank/src/Mock.Transactions/ApiSeedService.cs(214,17): warning CA1848: Para melhorar o desempenho, use os delegados LoggerMessage em vez de chamar 'LoggerExtensions.LogWarning(ILogger, string?, params object?[])' (https://learn.microsoft.com/dotnet/fundamentals/code-analysis/quality-rules/ca1848) [/home/roberson/Dev/MyNewLittleBank/src/Mock.Transactions/Mock.Transactions.csproj]
/home/roberson/Dev/MyNewLittleBank/src/Mock.Transactions/ApiSeedService.cs(218,9): warning CA1848: Para melhorar o desempenho, use os delegados LoggerMessage em vez de chamar 'LoggerExtensions.LogInformation(ILogger, string?, params object?[])' (https://learn.microsoft.com/dotnet/fundamentals/code-analysis/quality-rules/ca1848) [/home/roberson/Dev/MyNewLittleBank/src/Mock.Transactions/Mock.Transactions.csproj]
/home/roberson/Dev/MyNewLittleBank/src/Mock.Transactions/Program.cs(13,14): warning S1481: Remove the unused local variable 'serviceName'. (https://rules.sonarsource.com/csharp/RSPEC-1481) [/home/roberson/Dev/MyNewLittleBank/src/Mock.Transactions/Mock.Transactions.csproj]
/home/roberson/Dev/MyNewLittleBank/src/Mock.Transactions/MockTransactionsWorker.cs(150,17): warning CA1031: Modifique 'ExecuteAsync' para capturar um tipo de exceção permitida mais específico ou gerar a exceção novamente (https://learn.microsoft.com/dotnet/fundamentals/code-analysis/quality-rules/ca1031) [/home/roberson/Dev/MyNewLittleBank/src/Mock.Transactions/Mock.Transactions.csproj]
/home/roberson/Dev/MyNewLittleBank/src/Mock.Transactions/ApiSeedService.cs(450,42): warning CA1859: Altere o tipo de retorno do método 'CreatePixKeysForAccount' de 'System.Collections.Generic.IReadOnlyList<string>' para 'string[]' para melhorar o desempenho (https://learn.microsoft.com/dotnet/fundamentals/code-analysis/quality-rules/ca1859) [/home/roberson/Dev/MyNewLittleBank/src/Mock.Transactions/Mock.Transactions.csproj]
/home/roberson/Dev/MyNewLittleBank/src/Mock.Transactions/ApiSeedService.cs(447,27): warning CA1812: 'ApiSeedService.ClientResponse' é uma classe interna que aparentemente nunca é instanciada. Em caso afirmativo, remova o código do assembly. Se esta classe destina-se a conter apenas membros estáticos, torne-a 'static' (Module in Visual Basic). (https://learn.microsoft.com/dotnet/fundamentals/code-analysis/quality-rules/ca1812) [/home/roberson/Dev/MyNewLittleBank/src/Mock.Transactions/Mock.Transactions.csproj]
/home/roberson/Dev/MyNewLittleBank/src/Mock.Transactions/ApiSeedService.cs(448,27): warning CA1812: 'ApiSeedService.AccountResponse' é uma classe interna que aparentemente nunca é instanciada. Em caso afirmativo, remova o código do assembly. Se esta classe destina-se a conter apenas membros estáticos, torne-a 'static' (Module in Visual Basic). (https://learn.microsoft.com/dotnet/fundamentals/code-analysis/quality-rules/ca1812) [/home/roberson/Dev/MyNewLittleBank/src/Mock.Transactions/Mock.Transactions.csproj]
  Mock.Transactions -> /home/roberson/Dev/MyNewLittleBank/src/Mock.Transactions/bin/Debug/net8.0/Mock.Transactions.dll
  Infra.Database.Tests -> /home/roberson/Dev/MyNewLittleBank/tests/Infra.Database.Tests/bin/Debug/net8.0/Infra.Database.Tests.dll
/home/roberson/Dev/MyNewLittleBank/tests/Integration/Infrastructure/IntegrationTestCollection.cs(6,21): warning CA1711: Renomeie o nome de tipo IntegrationTestCollection para que ele não termine em 'Collection' (https://learn.microsoft.com/dotnet/fundamentals/code-analysis/quality-rules/ca1711) [/home/roberson/Dev/MyNewLittleBank/tests/Integration/MyNewLittleBank.Tests.Integration.csproj]
/home/roberson/Dev/MyNewLittleBank/tests/Integration/Smoke/InfrastructureSmokeTests.cs(15,23): warning CA1707: Remova os sublinhados do nome do membro MyNewLittleBank.Tests.Integration.Smoke.InfrastructureSmokeTests.Postgres_container_should_accept_connections() (https://learn.microsoft.com/dotnet/fundamentals/code-analysis/quality-rules/ca1707) [/home/roberson/Dev/MyNewLittleBank/tests/Integration/MyNewLittleBank.Tests.Integration.csproj]
/home/roberson/Dev/MyNewLittleBank/tests/Integration/Smoke/InfrastructureSmokeTests.cs(17,68): warning xUnit1030: Test methods should not call ConfigureAwait(false), as it may bypass parallelization limits. Omit ConfigureAwait, or use ConfigureAwait(true) to avoid CA2007. (https://xunit.net/xunit.analyzers/rules/xUnit1030) [/home/roberson/Dev/MyNewLittleBank/tests/Integration/MyNewLittleBank.Tests.Integration.csproj]
/home/roberson/Dev/MyNewLittleBank/tests/Integration/Messaging/RebusEndToEndTests.cs(247,41): warning S1144: Remove the unused private method 'CreateRabbitSettingsForQueue'. (https://rules.sonarsource.com/csharp/RSPEC-1144) [/home/roberson/Dev/MyNewLittleBank/tests/Integration/MyNewLittleBank.Tests.Integration.csproj]
/home/roberson/Dev/MyNewLittleBank/tests/Integration/Messaging/RebusEndToEndTests.cs(293,26): warning S1144: Remove the unused private class 'FailingConsumer'. (https://rules.sonarsource.com/csharp/RSPEC-1144) [/home/roberson/Dev/MyNewLittleBank/tests/Integration/MyNewLittleBank.Tests.Integration.csproj]
/home/roberson/Dev/MyNewLittleBank/tests/Integration/Messaging/RebusEndToEndTests.cs(297,9): warning S1144: Remove unused constructor of private type 'FailingConsumer'. (https://rules.sonarsource.com/csharp/RSPEC-1144) [/home/roberson/Dev/MyNewLittleBank/tests/Integration/MyNewLittleBank.Tests.Integration.csproj]
/home/roberson/Dev/MyNewLittleBank/tests/Integration/Messaging/RebusEndToEndTests.cs(62,23): warning CA1707: Remova os sublinhados do nome do membro MyNewLittleBank.Tests.Integration.Messaging.RebusEndToEndTests.Failing_handler_should_retry_and_eventually_give_up() (https://learn.microsoft.com/dotnet/fundamentals/code-analysis/quality-rules/ca1707) [/home/roberson/Dev/MyNewLittleBank/tests/Integration/MyNewLittleBank.Tests.Integration.csproj]
/home/roberson/Dev/MyNewLittleBank/tests/Integration/Messaging/RebusEndToEndTests.cs(39,23): warning CA1707: Remova os sublinhados do nome do membro MyNewLittleBank.Tests.Integration.Messaging.RebusEndToEndTests.Publish_and_consume_should_reach_handler() (https://learn.microsoft.com/dotnet/fundamentals/code-analysis/quality-rules/ca1707) [/home/roberson/Dev/MyNewLittleBank/tests/Integration/MyNewLittleBank.Tests.Integration.csproj]
/home/roberson/Dev/MyNewLittleBank/tests/Integration/Infrastructure/IntegrationInfrastructureFixture.cs(57,16): warning CA1305: O comportamento de 'Convert.ToInt32(object)' pode variar dependendo das configurações de localidade do usuário atual. Substitua esta chamada em 'IntegrationInfrastructureFixture.ExecuteScalarAsync(string)' por uma chamada para 'Convert.ToInt32(object, IFormatProvider)'. (https://learn.microsoft.com/dotnet/fundamentals/code-analysis/quality-rules/ca1305) [/home/roberson/Dev/MyNewLittleBank/tests/Integration/MyNewLittleBank.Tests.Integration.csproj]
/home/roberson/Dev/MyNewLittleBank/tests/Integration/Infrastructure/IntegrationInfrastructureFixture.cs(53,38): warning CA2007: Considere chamar ConfigureAwait na tarefa esperada (https://learn.microsoft.com/dotnet/fundamentals/code-analysis/quality-rules/ca2007) [/home/roberson/Dev/MyNewLittleBank/tests/Integration/MyNewLittleBank.Tests.Integration.csproj]
/home/roberson/Dev/MyNewLittleBank/tests/Integration/Infrastructure/IntegrationInfrastructureFixture.cs(55,35): warning CA2007: Considere chamar ConfigureAwait na tarefa esperada (https://learn.microsoft.com/dotnet/fundamentals/code-analysis/quality-rules/ca2007) [/home/roberson/Dev/MyNewLittleBank/tests/Integration/MyNewLittleBank.Tests.Integration.csproj]
/home/roberson/Dev/MyNewLittleBank/tests/Integration/Messaging/RebusEndToEndTests.cs(89,23): warning CA1707: Remova os sublinhados do nome do membro MyNewLittleBank.Tests.Integration.Messaging.RebusEndToEndTests.Outbox_dispatcher_should_publish_and_consumer_should_receive() (https://learn.microsoft.com/dotnet/fundamentals/code-analysis/quality-rules/ca1707) [/home/roberson/Dev/MyNewLittleBank/tests/Integration/MyNewLittleBank.Tests.Integration.csproj]
/home/roberson/Dev/MyNewLittleBank/tests/Integration/Services/OutboxInboxTests.cs(24,23): warning CA1707: Remova os sublinhados do nome do membro MyNewLittleBank.Tests.Integration.Services.OutboxInboxTests.OutboxDispatcher_should_mark_messages_sent_and_publish_payloads() (https://learn.microsoft.com/dotnet/fundamentals/code-analysis/quality-rules/ca1707) [/home/roberson/Dev/MyNewLittleBank/tests/Integration/MyNewLittleBank.Tests.Integration.csproj]
/home/roberson/Dev/MyNewLittleBank/tests/Integration/Messaging/RebusEndToEndTests.cs(69,43): warning CA2007: Considere chamar ConfigureAwait na tarefa esperada (https://learn.microsoft.com/dotnet/fundamentals/code-analysis/quality-rules/ca2007) [/home/roberson/Dev/MyNewLittleBank/tests/Integration/MyNewLittleBank.Tests.Integration.csproj]
/home/roberson/Dev/MyNewLittleBank/tests/Integration/Smoke/InfrastructureSmokeTests.cs(24,23): warning CA1707: Remova os sublinhados do nome do membro MyNewLittleBank.Tests.Integration.Smoke.InfrastructureSmokeTests.RabbitMq_container_should_be_reachable() (https://learn.microsoft.com/dotnet/fundamentals/code-analysis/quality-rules/ca1707) [/home/roberson/Dev/MyNewLittleBank/tests/Integration/MyNewLittleBank.Tests.Integration.csproj]
/home/roberson/Dev/MyNewLittleBank/tests/Integration/Smoke/InfrastructureSmokeTests.cs(30,15): warning CA2007: Considere chamar ConfigureAwait na tarefa esperada (https://learn.microsoft.com/dotnet/fundamentals/code-analysis/quality-rules/ca2007) [/home/roberson/Dev/MyNewLittleBank/tests/Integration/MyNewLittleBank.Tests.Integration.csproj]
/home/roberson/Dev/MyNewLittleBank/tests/Integration/Messaging/RebusEndToEndTests.cs(139,23): warning CA1707: Remova os sublinhados do nome do membro MyNewLittleBank.Tests.Integration.Messaging.RebusEndToEndTests.Publish_should_propagate_traceparent_header() (https://learn.microsoft.com/dotnet/fundamentals/code-analysis/quality-rules/ca1707) [/home/roberson/Dev/MyNewLittleBank/tests/Integration/MyNewLittleBank.Tests.Integration.csproj]
/home/roberson/Dev/MyNewLittleBank/tests/Integration/Services/OutboxInboxTests.cs(70,23): warning CA1707: Remova os sublinhados do nome do membro MyNewLittleBank.Tests.Integration.Services.OutboxInboxTests.InboxMessageStore_should_reject_duplicate_processing() (https://learn.microsoft.com/dotnet/fundamentals/code-analysis/quality-rules/ca1707) [/home/roberson/Dev/MyNewLittleBank/tests/Integration/MyNewLittleBank.Tests.Integration.csproj]
/home/roberson/Dev/MyNewLittleBank/tests/Integration/Messaging/RebusEndToEndTests.cs(44,36): warning CA2007: Considere chamar ConfigureAwait na tarefa esperada (https://learn.microsoft.com/dotnet/fundamentals/code-analysis/quality-rules/ca2007) [/home/roberson/Dev/MyNewLittleBank/tests/Integration/MyNewLittleBank.Tests.Integration.csproj]
/home/roberson/Dev/MyNewLittleBank/tests/Integration/Infrastructure/IntegrationInfrastructureFixture.cs(55,35): warning CA2100: Examine se a cadeia de caracteres de consulta passada para 'NpgsqlCommand.NpgsqlCommand(string? cmdText, NpgsqlConnection? connection)' em 'ExecuteScalarAsync' aceita qualquer entrada do usuário (https://learn.microsoft.com/dotnet/fundamentals/code-analysis/quality-rules/ca2100) [/home/roberson/Dev/MyNewLittleBank/tests/Integration/MyNewLittleBank.Tests.Integration.csproj]
/home/roberson/Dev/MyNewLittleBank/tests/Integration/Services/OutboxInboxTests.cs(79,57): warning xUnit1030: Test methods should not call ConfigureAwait(false), as it may bypass parallelization limits. Omit ConfigureAwait, or use ConfigureAwait(true) to avoid CA2007. (https://xunit.net/xunit.analyzers/rules/xUnit1030) [/home/roberson/Dev/MyNewLittleBank/tests/Integration/MyNewLittleBank.Tests.Integration.csproj]
/home/roberson/Dev/MyNewLittleBank/tests/Integration/Services/OutboxInboxTests.cs(89,114): warning xUnit1030: Test methods should not call ConfigureAwait(false), as it may bypass parallelization limits. Omit ConfigureAwait, or use ConfigureAwait(true) to avoid CA2007. (https://xunit.net/xunit.analyzers/rules/xUnit1030) [/home/roberson/Dev/MyNewLittleBank/tests/Integration/MyNewLittleBank.Tests.Integration.csproj]
/home/roberson/Dev/MyNewLittleBank/tests/Integration/Services/OutboxInboxTests.cs(90,118): warning xUnit1030: Test methods should not call ConfigureAwait(false), as it may bypass parallelization limits. Omit ConfigureAwait, or use ConfigureAwait(true) to avoid CA2007. (https://xunit.net/xunit.analyzers/rules/xUnit1030) [/home/roberson/Dev/MyNewLittleBank/tests/Integration/MyNewLittleBank.Tests.Integration.csproj]
/home/roberson/Dev/MyNewLittleBank/tests/Integration/Services/OutboxInboxTests.cs(35,57): warning xUnit1030: Test methods should not call ConfigureAwait(false), as it may bypass parallelization limits. Omit ConfigureAwait, or use ConfigureAwait(true) to avoid CA2007. (https://xunit.net/xunit.analyzers/rules/xUnit1030) [/home/roberson/Dev/MyNewLittleBank/tests/Integration/MyNewLittleBank.Tests.Integration.csproj]
/home/roberson/Dev/MyNewLittleBank/tests/Integration/Services/OutboxInboxTests.cs(39,66): warning xUnit1030: Test methods should not call ConfigureAwait(false), as it may bypass parallelization limits. Omit ConfigureAwait, or use ConfigureAwait(true) to avoid CA2007. (https://xunit.net/xunit.analyzers/rules/xUnit1030) [/home/roberson/Dev/MyNewLittleBank/tests/Integration/MyNewLittleBank.Tests.Integration.csproj]
/home/roberson/Dev/MyNewLittleBank/tests/Integration/Services/OutboxInboxTests.cs(40,46): warning xUnit1030: Test methods should not call ConfigureAwait(false), as it may bypass parallelization limits. Omit ConfigureAwait, or use ConfigureAwait(true) to avoid CA2007. (https://xunit.net/xunit.analyzers/rules/xUnit1030) [/home/roberson/Dev/MyNewLittleBank/tests/Integration/MyNewLittleBank.Tests.Integration.csproj]
/home/roberson/Dev/MyNewLittleBank/tests/Integration/Services/OutboxInboxTests.cs(54,75): warning xUnit1030: Test methods should not call ConfigureAwait(false), as it may bypass parallelization limits. Omit ConfigureAwait, or use ConfigureAwait(true) to avoid CA2007. (https://xunit.net/xunit.analyzers/rules/xUnit1030) [/home/roberson/Dev/MyNewLittleBank/tests/Integration/MyNewLittleBank.Tests.Integration.csproj]
/home/roberson/Dev/MyNewLittleBank/tests/Integration/Services/OutboxInboxTests.cs(61,119): warning xUnit1030: Test methods should not call ConfigureAwait(false), as it may bypass parallelization limits. Omit ConfigureAwait, or use ConfigureAwait(true) to avoid CA2007. (https://xunit.net/xunit.analyzers/rules/xUnit1030) [/home/roberson/Dev/MyNewLittleBank/tests/Integration/MyNewLittleBank.Tests.Integration.csproj]
/home/roberson/Dev/MyNewLittleBank/tests/Integration/Messaging/RebusEndToEndTests.cs(113,57): warning xUnit1030: Test methods should not call ConfigureAwait(false), as it may bypass parallelization limits. Omit ConfigureAwait, or use ConfigureAwait(true) to avoid CA2007. (https://xunit.net/xunit.analyzers/rules/xUnit1030) [/home/roberson/Dev/MyNewLittleBank/tests/Integration/MyNewLittleBank.Tests.Integration.csproj]
/home/roberson/Dev/MyNewLittleBank/tests/Integration/Messaging/RebusEndToEndTests.cs(115,59): warning xUnit1030: Test methods should not call ConfigureAwait(false), as it may bypass parallelization limits. Omit ConfigureAwait, or use ConfigureAwait(true) to avoid CA2007. (https://xunit.net/xunit.analyzers/rules/xUnit1030) [/home/roberson/Dev/MyNewLittleBank/tests/Integration/MyNewLittleBank.Tests.Integration.csproj]
/home/roberson/Dev/MyNewLittleBank/tests/Integration/Messaging/RebusEndToEndTests.cs(116,46): warning xUnit1030: Test methods should not call ConfigureAwait(false), as it may bypass parallelization limits. Omit ConfigureAwait, or use ConfigureAwait(true) to avoid CA2007. (https://xunit.net/xunit.analyzers/rules/xUnit1030) [/home/roberson/Dev/MyNewLittleBank/tests/Integration/MyNewLittleBank.Tests.Integration.csproj]
/home/roberson/Dev/MyNewLittleBank/tests/Integration/Messaging/RebusEndToEndTests.cs(126,71): warning xUnit1030: Test methods should not call ConfigureAwait(false), as it may bypass parallelization limits. Omit ConfigureAwait, or use ConfigureAwait(true) to avoid CA2007. (https://xunit.net/xunit.analyzers/rules/xUnit1030) [/home/roberson/Dev/MyNewLittleBank/tests/Integration/MyNewLittleBank.Tests.Integration.csproj]
/home/roberson/Dev/MyNewLittleBank/tests/Integration/Messaging/RebusEndToEndTests.cs(133,75): warning xUnit1030: Test methods should not call ConfigureAwait(false), as it may bypass parallelization limits. Omit ConfigureAwait, or use ConfigureAwait(true) to avoid CA2007. (https://xunit.net/xunit.analyzers/rules/xUnit1030) [/home/roberson/Dev/MyNewLittleBank/tests/Integration/MyNewLittleBank.Tests.Integration.csproj]
/home/roberson/Dev/MyNewLittleBank/tests/Integration/Messaging/RebusEndToEndTests.cs(144,36): warning CA2007: Considere chamar ConfigureAwait na tarefa esperada (https://learn.microsoft.com/dotnet/fundamentals/code-analysis/quality-rules/ca2007) [/home/roberson/Dev/MyNewLittleBank/tests/Integration/MyNewLittleBank.Tests.Integration.csproj]
/home/roberson/Dev/MyNewLittleBank/tests/Integration/Messaging/RebusEndToEndTests.cs(95,36): warning CA2007: Considere chamar ConfigureAwait na tarefa esperada (https://learn.microsoft.com/dotnet/fundamentals/code-analysis/quality-rules/ca2007) [/home/roberson/Dev/MyNewLittleBank/tests/Integration/MyNewLittleBank.Tests.Integration.csproj]
/home/roberson/Dev/MyNewLittleBank/tests/Integration/Services/OutboxInboxTests.cs(47,30): warning CA2000: Chame System.IDisposable.Dispose no objeto criado por 'new OutboxDispatcher(' antes que todas as referências a ele fiquem fora do escopo (https://learn.microsoft.com/dotnet/fundamentals/code-analysis/quality-rules/ca2000) [/home/roberson/Dev/MyNewLittleBank/tests/Integration/MyNewLittleBank.Tests.Integration.csproj]
/home/roberson/Dev/MyNewLittleBank/tests/Integration/Messaging/RebusEndToEndTests.cs(230,33): warning CA1305: O comportamento de 'int.ToString()' pode variar dependendo das configurações de localidade do usuário atual. Substitua esta chamada em 'RebusEndToEndTests.CreateRabbitSettings(string, [int?])' por uma chamada para 'int.ToString(IFormatProvider)'. (https://learn.microsoft.com/dotnet/fundamentals/code-analysis/quality-rules/ca1305) [/home/roberson/Dev/MyNewLittleBank/tests/Integration/MyNewLittleBank.Tests.Integration.csproj]
/home/roberson/Dev/MyNewLittleBank/tests/Integration/Messaging/RebusEndToEndTests.cs(242,39): warning CA1305: O comportamento de 'int.ToString()' pode variar dependendo das configurações de localidade do usuário atual. Substitua esta chamada em 'RebusEndToEndTests.CreateRabbitSettings(string, [int?])' por uma chamada para 'int.ToString(IFormatProvider)'. (https://learn.microsoft.com/dotnet/fundamentals/code-analysis/quality-rules/ca1305) [/home/roberson/Dev/MyNewLittleBank/tests/Integration/MyNewLittleBank.Tests.Integration.csproj]
/home/roberson/Dev/MyNewLittleBank/tests/Integration/Messaging/RebusEndToEndTests.cs(119,26): warning CA2000: Chame System.IDisposable.Dispose no objeto criado por 'new OutboxDispatcher(' antes que todas as referências a ele fiquem fora do escopo (https://learn.microsoft.com/dotnet/fundamentals/code-analysis/quality-rules/ca2000) [/home/roberson/Dev/MyNewLittleBank/tests/Integration/MyNewLittleBank.Tests.Integration.csproj]
/home/roberson/Dev/MyNewLittleBank/tests/Integration/Messaging/RebusEndToEndTests.cs(253,33): warning CA1305: O comportamento de 'int.ToString()' pode variar dependendo das configurações de localidade do usuário atual. Substitua esta chamada em 'RebusEndToEndTests.CreateRabbitSettingsForQueue(string)' por uma chamada para 'int.ToString(IFormatProvider)'. (https://learn.microsoft.com/dotnet/fundamentals/code-analysis/quality-rules/ca1305) [/home/roberson/Dev/MyNewLittleBank/tests/Integration/MyNewLittleBank.Tests.Integration.csproj]
/home/roberson/Dev/MyNewLittleBank/tests/Integration/Messaging/RebusEndToEndTests.cs(293,26): warning CA1812: 'RebusEndToEndTests.FailingConsumer' é uma classe interna que aparentemente nunca é instanciada. Em caso afirmativo, remova o código do assembly. Se esta classe destina-se a conter apenas membros estáticos, torne-a 'static' (Module in Visual Basic). (https://learn.microsoft.com/dotnet/fundamentals/code-analysis/quality-rules/ca1812) [/home/roberson/Dev/MyNewLittleBank/tests/Integration/MyNewLittleBank.Tests.Integration.csproj]
/home/roberson/Dev/MyNewLittleBank/src/Services.Card/Program.cs(16,14): warning CS0219: A variável "serviceName" é atribuída, mas seu valor nunca é usado [/home/roberson/Dev/MyNewLittleBank/src/Services.Card/Services.Card.csproj]
/home/roberson/Dev/MyNewLittleBank/src/Services.Card/CardTransactionReceiver.cs(72,13): warning CA1848: Para melhorar o desempenho, use os delegados LoggerMessage em vez de chamar 'LoggerExtensions.LogWarning(ILogger, string?, params object?[])' (https://learn.microsoft.com/dotnet/fundamentals/code-analysis/quality-rules/ca1848) [/home/roberson/Dev/MyNewLittleBank/src/Services.Card/Services.Card.csproj]
/home/roberson/Dev/MyNewLittleBank/src/Services.Card/Program.cs(16,14): warning S1481: Remove the unused local variable 'serviceName'. (https://rules.sonarsource.com/csharp/RSPEC-1481) [/home/roberson/Dev/MyNewLittleBank/src/Services.Card/Services.Card.csproj]
/home/roberson/Dev/MyNewLittleBank/src/Services.Money/Program.cs(16,14): warning CS0219: A variável "serviceName" é atribuída, mas seu valor nunca é usado [/home/roberson/Dev/MyNewLittleBank/src/Services.Money/Services.Money.csproj]
/home/roberson/Dev/MyNewLittleBank/src/Services.Money/MoneyTransactionReceiver.cs(72,13): warning CA1848: Para melhorar o desempenho, use os delegados LoggerMessage em vez de chamar 'LoggerExtensions.LogWarning(ILogger, string?, params object?[])' (https://learn.microsoft.com/dotnet/fundamentals/code-analysis/quality-rules/ca1848) [/home/roberson/Dev/MyNewLittleBank/src/Services.Money/Services.Money.csproj]
/home/roberson/Dev/MyNewLittleBank/src/Services.Money/Program.cs(16,14): warning S1481: Remove the unused local variable 'serviceName'. (https://rules.sonarsource.com/csharp/RSPEC-1481) [/home/roberson/Dev/MyNewLittleBank/src/Services.Money/Services.Money.csproj]
/home/roberson/Dev/MyNewLittleBank/src/Services.Pix/Program.cs(16,14): warning CS0219: A variável "serviceName" é atribuída, mas seu valor nunca é usado [/home/roberson/Dev/MyNewLittleBank/src/Services.Pix/Services.Pix.csproj]
/home/roberson/Dev/MyNewLittleBank/src/Services.Pix/PixTransactionReceiver.cs(72,13): warning CA1848: Para melhorar o desempenho, use os delegados LoggerMessage em vez de chamar 'LoggerExtensions.LogWarning(ILogger, string?, params object?[])' (https://learn.microsoft.com/dotnet/fundamentals/code-analysis/quality-rules/ca1848) [/home/roberson/Dev/MyNewLittleBank/src/Services.Pix/Services.Pix.csproj]
/home/roberson/Dev/MyNewLittleBank/src/Services.Pix/Program.cs(16,14): warning S1481: Remove the unused local variable 'serviceName'. (https://rules.sonarsource.com/csharp/RSPEC-1481) [/home/roberson/Dev/MyNewLittleBank/src/Services.Pix/Services.Pix.csproj]
  Services.Card -> /home/roberson/Dev/MyNewLittleBank/src/Services.Card/bin/Debug/net8.0/Services.Card.dll
  Services.Pix -> /home/roberson/Dev/MyNewLittleBank/src/Services.Pix/bin/Debug/net8.0/Services.Pix.dll
  Services.Money -> /home/roberson/Dev/MyNewLittleBank/src/Services.Money/bin/Debug/net8.0/Services.Money.dll
  MyNewLittleBank.Tests.Integration -> /home/roberson/Dev/MyNewLittleBank/tests/Integration/bin/Debug/net8.0/MyNewLittleBank.Tests.Integration.dll
  API -> /home/roberson/Dev/MyNewLittleBank/src/API/bin/Debug/net8.0/API.dll
  Mock.Transactions.Tests -> /home/roberson/Dev/MyNewLittleBank/tests/Mock.Transactions.Tests/bin/Debug/net8.0/Mock.Transactions.Tests.dll

Compilação com êxito.

/home/roberson/Dev/MyNewLittleBank/src/Shared/Health/HealthCheckExtensions.cs(10,18): warning CA1716: Renomeie o namespace Shared.Health de forma que ele não fique mais em conflito com a palavra-chave reservada de linguagem 'Shared'. Se você usar uma palavra-chave reservada como o nome de um namespace, ficará mais difícil para os consumidores de outras linguagens utilizarem o namespace. (https://learn.microsoft.com/dotnet/fundamentals/code-analysis/quality-rules/ca1716) [/home/roberson/Dev/MyNewLittleBank/src/Shared/Shared.csproj]
/home/roberson/Dev/MyNewLittleBank/src/Shared/Observability/ObservabilityExtensions.cs(184,38): warning S3267: Loop should be simplified by calling Select(property => property.Key)) (https://rules.sonarsource.com/csharp/RSPEC-3267) [/home/roberson/Dev/MyNewLittleBank/src/Shared/Shared.csproj]
/home/roberson/Dev/MyNewLittleBank/src/Shared/Health/HealthCheckExtensions.cs(55,13): warning CA1031: Modifique 'CheckHealthAsync' para capturar um tipo de exceção permitida mais específico ou gerar a exceção novamente (https://learn.microsoft.com/dotnet/fundamentals/code-analysis/quality-rules/ca1031) [/home/roberson/Dev/MyNewLittleBank/src/Shared/Shared.csproj]
/home/roberson/Dev/MyNewLittleBank/src/Shared/Health/HealthCheckExtensions.cs(51,46): warning CA2007: Considere chamar ConfigureAwait na tarefa esperada (https://learn.microsoft.com/dotnet/fundamentals/code-analysis/quality-rules/ca2007) [/home/roberson/Dev/MyNewLittleBank/src/Shared/Shared.csproj]
/home/roberson/Dev/MyNewLittleBank/src/Shared/Health/HealthCheckExtensions.cs(97,13): warning CA1031: Modifique 'CheckHealthAsync' para capturar um tipo de exceção permitida mais específico ou gerar a exceção novamente (https://learn.microsoft.com/dotnet/fundamentals/code-analysis/quality-rules/ca1031) [/home/roberson/Dev/MyNewLittleBank/src/Shared/Shared.csproj]
/home/roberson/Dev/MyNewLittleBank/src/Shared/Health/HealthCheckExtensions.cs(89,46): warning CA2007: Considere chamar ConfigureAwait na tarefa esperada (https://learn.microsoft.com/dotnet/fundamentals/code-analysis/quality-rules/ca2007) [/home/roberson/Dev/MyNewLittleBank/src/Shared/Shared.csproj]
/home/roberson/Dev/MyNewLittleBank/src/Shared/Health/HealthCheckExtensions.cs(93,43): warning CA2007: Considere chamar ConfigureAwait na tarefa esperada (https://learn.microsoft.com/dotnet/fundamentals/code-analysis/quality-rules/ca2007) [/home/roberson/Dev/MyNewLittleBank/src/Shared/Shared.csproj]
/home/roberson/Dev/MyNewLittleBank/src/Shared/Health/HealthCheckExtensions.cs(24,91): warning CA1861: Prefira campos 'static readonly' em vez de argumentos de matriz constante se o método chamado for chamado repetidamente e não estiver modificando a matriz passada (https://learn.microsoft.com/dotnet/fundamentals/code-analysis/quality-rules/ca1861) [/home/roberson/Dev/MyNewLittleBank/src/Shared/Shared.csproj]
/home/roberson/Dev/MyNewLittleBank/src/Shared/Health/HealthCheckExtensions.cs(30,88): warning CA1861: Prefira campos 'static readonly' em vez de argumentos de matriz constante se o método chamado for chamado repetidamente e não estiver modificando a matriz passada (https://learn.microsoft.com/dotnet/fundamentals/code-analysis/quality-rules/ca1861) [/home/roberson/Dev/MyNewLittleBank/src/Shared/Shared.csproj]
/home/roberson/Dev/MyNewLittleBank/src/Shared/Health/HealthCheckExtensions.cs(33,75): warning CA1861: Prefira campos 'static readonly' em vez de argumentos de matriz constante se o método chamado for chamado repetidamente e não estiver modificando a matriz passada (https://learn.microsoft.com/dotnet/fundamentals/code-analysis/quality-rules/ca1861) [/home/roberson/Dev/MyNewLittleBank/src/Shared/Shared.csproj]
/home/roberson/Dev/MyNewLittleBank/src/Shared/Observability/ObservabilityExtensions.cs(113,39): warning CA2000: Chame System.IDisposable.Dispose no objeto criado por 'new ActivitySource(appServiceName)' antes que todas as referências a ele fiquem fora do escopo (https://learn.microsoft.com/dotnet/fundamentals/code-analysis/quality-rules/ca2000) [/home/roberson/Dev/MyNewLittleBank/src/Shared/Shared.csproj]
/home/roberson/Dev/MyNewLittleBank/src/Infra.Message/TracingIncomingStep.cs(41,12): warning S1135: Complete the task associated to this 'TODO' comment. (https://rules.sonarsource.com/csharp/RSPEC-1135) [/home/roberson/Dev/MyNewLittleBank/src/Infra.Message/Infra.Message.csproj]
/home/roberson/Dev/MyNewLittleBank/src/Infra.Message/MessagingSubscriptionInitializer.cs(38,13): warning CA1848: Para melhorar o desempenho, use os delegados LoggerMessage em vez de chamar 'LoggerExtensions.LogInformation(ILogger, string?, params object?[])' (https://learn.microsoft.com/dotnet/fundamentals/code-analysis/quality-rules/ca1848) [/home/roberson/Dev/MyNewLittleBank/src/Infra.Message/Infra.Message.csproj]
/home/roberson/Dev/MyNewLittleBank/src/Infra.Message/MessagingSubscriptionInitializer.cs(43,9): warning CA1848: Para melhorar o desempenho, use os delegados LoggerMessage em vez de chamar 'LoggerExtensions.LogInformation(ILogger, string?, params object?[])' (https://learn.microsoft.com/dotnet/fundamentals/code-analysis/quality-rules/ca1848) [/home/roberson/Dev/MyNewLittleBank/src/Infra.Message/Infra.Message.csproj]
/home/roberson/Dev/MyNewLittleBank/src/Infra.Message/MessageEnvelopeHandler.cs(32,13): warning CA1848: Para melhorar o desempenho, use os delegados LoggerMessage em vez de chamar 'LoggerExtensions.LogWarning(ILogger, string?, params object?[])' (https://learn.microsoft.com/dotnet/fundamentals/code-analysis/quality-rules/ca1848) [/home/roberson/Dev/MyNewLittleBank/src/Infra.Message/Infra.Message.csproj]
/home/roberson/Dev/MyNewLittleBank/src/Infra.Database/Migrations/20251216002731_InitialCreate.cs(162,13): warning CA1062: No método visível externamente 'void InitialCreate.Down(MigrationBuilder migrationBuilder)', validar o parâmetro 'migrationBuilder' é não nulo antes de usá-lo. Se apropriado, lance um 'ArgumentNullException' quando o argumento for 'nulo'. (https://learn.microsoft.com/dotnet/fundamentals/code-analysis/quality-rules/ca1062) [/home/roberson/Dev/MyNewLittleBank/src/Infra.Database/Infra.Database.csproj]
/home/roberson/Dev/MyNewLittleBank/src/Infra.Database/Migrations/20251216002731_InitialCreate.cs(14,13): warning CA1062: No método visível externamente 'void InitialCreate.Up(MigrationBuilder migrationBuilder)', validar o parâmetro 'migrationBuilder' é não nulo antes de usá-lo. Se apropriado, lance um 'ArgumentNullException' quando o argumento for 'nulo'. (https://learn.microsoft.com/dotnet/fundamentals/code-analysis/quality-rules/ca1062) [/home/roberson/Dev/MyNewLittleBank/src/Infra.Database/Infra.Database.csproj]
/home/roberson/Dev/MyNewLittleBank/src/Services.Heartbeats/Program.cs(13,14): warning CS0219: A variável "serviceName" é atribuída, mas seu valor nunca é usado [/home/roberson/Dev/MyNewLittleBank/src/Services.Heartbeats/Services.Heartbeats.csproj]
/home/roberson/Dev/MyNewLittleBank/src/Services.Heartbeats/HeartbeatConsumer.cs(43,13): warning CA1848: Para melhorar o desempenho, use os delegados LoggerMessage em vez de chamar 'LoggerExtensions.LogDebug(ILogger, string?, params object?[])' (https://learn.microsoft.com/dotnet/fundamentals/code-analysis/quality-rules/ca1848) [/home/roberson/Dev/MyNewLittleBank/src/Services.Heartbeats/Services.Heartbeats.csproj]
/home/roberson/Dev/MyNewLittleBank/src/Services.Heartbeats/HeartbeatConsumer.cs(50,13): warning CA1848: Para melhorar o desempenho, use os delegados LoggerMessage em vez de chamar 'LoggerExtensions.LogWarning(ILogger, string?, params object?[])' (https://learn.microsoft.com/dotnet/fundamentals/code-analysis/quality-rules/ca1848) [/home/roberson/Dev/MyNewLittleBank/src/Services.Heartbeats/Services.Heartbeats.csproj]
/home/roberson/Dev/MyNewLittleBank/src/Services.Heartbeats/Program.cs(13,14): warning S1481: Remove the unused local variable 'serviceName'. (https://rules.sonarsource.com/csharp/RSPEC-1481) [/home/roberson/Dev/MyNewLittleBank/src/Services.Heartbeats/Services.Heartbeats.csproj]
/home/roberson/Dev/MyNewLittleBank/src/Mock.Transactions/Program.cs(13,14): warning CS0219: A variável "serviceName" é atribuída, mas seu valor nunca é usado [/home/roberson/Dev/MyNewLittleBank/src/Mock.Transactions/Mock.Transactions.csproj]
/home/roberson/Dev/MyNewLittleBank/src/Mock.Transactions/MockTransactionsSettings.cs(10,19): warning CA1056: Altere o tipo da propriedade 'MockTransactionsSettings.ApiBaseUrl' de 'string' para 'System.Uri' (https://learn.microsoft.com/dotnet/fundamentals/code-analysis/quality-rules/ca1056) [/home/roberson/Dev/MyNewLittleBank/src/Mock.Transactions/Mock.Transactions.csproj]
/home/roberson/Dev/MyNewLittleBank/src/Mock.Transactions/ApiSeedService.cs(135,16): warning CA1305: O comportamento de 'int.ToString()' pode variar dependendo das configurações de localidade do usuário atual. Substitua esta chamada em 'ApiSeedService.GenerateAccountNumber(int, int)' por uma chamada para 'int.ToString(IFormatProvider)'. (https://learn.microsoft.com/dotnet/fundamentals/code-analysis/quality-rules/ca1305) [/home/roberson/Dev/MyNewLittleBank/src/Mock.Transactions/Mock.Transactions.csproj]
/home/roberson/Dev/MyNewLittleBank/src/Mock.Transactions/ApiSeedService.cs(109,16): warning CA5394: Random é um gerador de números aleatórios não seguro. Use geradores de números aleatórios criptograficamente seguros quando a aleatoriedade for necessária para segurança. (https://learn.microsoft.com/dotnet/fundamentals/code-analysis/quality-rules/ca5394) [/home/roberson/Dev/MyNewLittleBank/src/Mock.Transactions/Mock.Transactions.csproj]
/home/roberson/Dev/MyNewLittleBank/src/Mock.Transactions/ApiSeedService.cs(36,13): warning CA1848: Para melhorar o desempenho, use os delegados LoggerMessage em vez de chamar 'LoggerExtensions.LogInformation(ILogger, string?, params object?[])' (https://learn.microsoft.com/dotnet/fundamentals/code-analysis/quality-rules/ca1848) [/home/roberson/Dev/MyNewLittleBank/src/Mock.Transactions/Mock.Transactions.csproj]
/home/roberson/Dev/MyNewLittleBank/src/Mock.Transactions/ApiSeedService.cs(42,13): warning CA1848: Para melhorar o desempenho, use os delegados LoggerMessage em vez de chamar 'LoggerExtensions.LogError(ILogger, string?, params object?[])' (https://learn.microsoft.com/dotnet/fundamentals/code-analysis/quality-rules/ca1848) [/home/roberson/Dev/MyNewLittleBank/src/Mock.Transactions/Mock.Transactions.csproj]
/home/roberson/Dev/MyNewLittleBank/src/Mock.Transactions/ApiSeedService.cs(53,13): warning CA1848: Para melhorar o desempenho, use os delegados LoggerMessage em vez de chamar 'LoggerExtensions.LogInformation(ILogger, string?, params object?[])' (https://learn.microsoft.com/dotnet/fundamentals/code-analysis/quality-rules/ca1848) [/home/roberson/Dev/MyNewLittleBank/src/Mock.Transactions/Mock.Transactions.csproj]
/home/roberson/Dev/MyNewLittleBank/src/Mock.Transactions/ApiSeedService.cs(65,17): warning CA1848: Para melhorar o desempenho, use os delegados LoggerMessage em vez de chamar 'LoggerExtensions.LogError(ILogger, string?, params object?[])' (https://learn.microsoft.com/dotnet/fundamentals/code-analysis/quality-rules/ca1848) [/home/roberson/Dev/MyNewLittleBank/src/Mock.Transactions/Mock.Transactions.csproj]
/home/roberson/Dev/MyNewLittleBank/src/Mock.Transactions/ApiSeedService.cs(76,21): warning CA1848: Para melhorar o desempenho, use os delegados LoggerMessage em vez de chamar 'LoggerExtensions.LogError(ILogger, string?, params object?[])' (https://learn.microsoft.com/dotnet/fundamentals/code-analysis/quality-rules/ca1848) [/home/roberson/Dev/MyNewLittleBank/src/Mock.Transactions/Mock.Transactions.csproj]
/home/roberson/Dev/MyNewLittleBank/src/Mock.Transactions/ApiSeedService.cs(85,9): warning CA1848: Para melhorar o desempenho, use os delegados LoggerMessage em vez de chamar 'LoggerExtensions.LogInformation(ILogger, string?, params object?[])' (https://learn.microsoft.com/dotnet/fundamentals/code-analysis/quality-rules/ca1848) [/home/roberson/Dev/MyNewLittleBank/src/Mock.Transactions/Mock.Transactions.csproj]
/home/roberson/Dev/MyNewLittleBank/src/Mock.Transactions/ApiSeedService.cs(145,26): warning CA5394: Random é um gerador de números aleatórios não seguro. Use geradores de números aleatórios criptograficamente seguros quando a aleatoriedade for necessária para segurança. (https://learn.microsoft.com/dotnet/fundamentals/code-analysis/quality-rules/ca5394) [/home/roberson/Dev/MyNewLittleBank/src/Mock.Transactions/Mock.Transactions.csproj]
/home/roberson/Dev/MyNewLittleBank/src/Mock.Transactions/TransactionDtoGeneratorFactory.cs(103,22): warning CA1307: 'string.Replace(string, string?)' tem uma sobrecarga de método que usa um parâmetro 'StringComparison'. Substitua essa chamada em 'Mock.Transactions.TransactionDtoGeneratorFactory.GenerateCardNumber(Bogus.Faker)' por uma chamada para 'string.Replace(string, string?, System.StringComparison)' para esclarecer a intenção. (https://learn.microsoft.com/dotnet/fundamentals/code-analysis/quality-rules/ca1307) [/home/roberson/Dev/MyNewLittleBank/src/Mock.Transactions/Mock.Transactions.csproj]
/home/roberson/Dev/MyNewLittleBank/src/Mock.Transactions/TransactionDtoGeneratorFactory.cs(103,22): warning CA1307: 'string.Replace(string, string?)' tem uma sobrecarga de método que usa um parâmetro 'StringComparison'. Substitua essa chamada em 'Mock.Transactions.TransactionDtoGeneratorFactory.GenerateCardNumber(Bogus.Faker)' por uma chamada para 'string.Replace(string, string?, System.StringComparison)' para esclarecer a intenção. (https://learn.microsoft.com/dotnet/fundamentals/code-analysis/quality-rules/ca1307) [/home/roberson/Dev/MyNewLittleBank/src/Mock.Transactions/Mock.Transactions.csproj]
/home/roberson/Dev/MyNewLittleBank/src/Mock.Transactions/SeededAccountProvider.cs(25,21): warning CA5394: Random é um gerador de números aleatórios não seguro. Use geradores de números aleatórios criptograficamente seguros quando a aleatoriedade for necessária para segurança. (https://learn.microsoft.com/dotnet/fundamentals/code-analysis/quality-rules/ca5394) [/home/roberson/Dev/MyNewLittleBank/src/Mock.Transactions/Mock.Transactions.csproj]
/home/roberson/Dev/MyNewLittleBank/src/Mock.Transactions/ApiSeedService.cs(229,9): warning CA1848: Para melhorar o desempenho, use os delegados LoggerMessage em vez de chamar 'LoggerExtensions.LogDebug(ILogger, string?, params object?[])' (https://learn.microsoft.com/dotnet/fundamentals/code-analysis/quality-rules/ca1848) [/home/roberson/Dev/MyNewLittleBank/src/Mock.Transactions/Mock.Transactions.csproj]
/home/roberson/Dev/MyNewLittleBank/src/Mock.Transactions/ApiSeedService.cs(241,17): warning CA1848: Para melhorar o desempenho, use os delegados LoggerMessage em vez de chamar 'LoggerExtensions.LogInformation(ILogger, string?, params object?[])' (https://learn.microsoft.com/dotnet/fundamentals/code-analysis/quality-rules/ca1848) [/home/roberson/Dev/MyNewLittleBank/src/Mock.Transactions/Mock.Transactions.csproj]
/home/roberson/Dev/MyNewLittleBank/src/Mock.Transactions/ApiSeedService.cs(247,17): warning CA1848: Para melhorar o desempenho, use os delegados LoggerMessage em vez de chamar 'LoggerExtensions.LogWarning(ILogger, string?, params object?[])' (https://learn.microsoft.com/dotnet/fundamentals/code-analysis/quality-rules/ca1848) [/home/roberson/Dev/MyNewLittleBank/src/Mock.Transactions/Mock.Transactions.csproj]
/home/roberson/Dev/MyNewLittleBank/src/Mock.Transactions/ApiSeedService.cs(253,21): warning CA1848: Para melhorar o desempenho, use os delegados LoggerMessage em vez de chamar 'LoggerExtensions.LogInformation(ILogger, string?, params object?[])' (https://learn.microsoft.com/dotnet/fundamentals/code-analysis/quality-rules/ca1848) [/home/roberson/Dev/MyNewLittleBank/src/Mock.Transactions/Mock.Transactions.csproj]
/home/roberson/Dev/MyNewLittleBank/src/Mock.Transactions/ApiSeedService.cs(257,25): warning CA1848: Para melhorar o desempenho, use os delegados LoggerMessage em vez de chamar 'LoggerExtensions.LogInformation(ILogger, string?, params object?[])' (https://learn.microsoft.com/dotnet/fundamentals/code-analysis/quality-rules/ca1848) [/home/roberson/Dev/MyNewLittleBank/src/Mock.Transactions/Mock.Transactions.csproj]
/home/roberson/Dev/MyNewLittleBank/src/Mock.Transactions/ApiSeedService.cs(264,21): warning CA1848: Para melhorar o desempenho, use os delegados LoggerMessage em vez de chamar 'LoggerExtensions.LogError(ILogger, string?, params object?[])' (https://learn.microsoft.com/dotnet/fundamentals/code-analysis/quality-rules/ca1848) [/home/roberson/Dev/MyNewLittleBank/src/Mock.Transactions/Mock.Transactions.csproj]
/home/roberson/Dev/MyNewLittleBank/src/Mock.Transactions/ApiSeedService.cs(272,13): warning CA1848: Para melhorar o desempenho, use os delegados LoggerMessage em vez de chamar 'LoggerExtensions.LogError(ILogger, string?, params object?[])' (https://learn.microsoft.com/dotnet/fundamentals/code-analysis/quality-rules/ca1848) [/home/roberson/Dev/MyNewLittleBank/src/Mock.Transactions/Mock.Transactions.csproj]
/home/roberson/Dev/MyNewLittleBank/src/Mock.Transactions/ApiSeedService.cs(279,13): warning CA1848: Para melhorar o desempenho, use os delegados LoggerMessage em vez de chamar 'LoggerExtensions.LogError(ILogger, Exception?, string?, params object?[])' (https://learn.microsoft.com/dotnet/fundamentals/code-analysis/quality-rules/ca1848) [/home/roberson/Dev/MyNewLittleBank/src/Mock.Transactions/Mock.Transactions.csproj]
/home/roberson/Dev/MyNewLittleBank/src/Mock.Transactions/SeededAccountProvider.cs(43,21): warning CA5394: Random é um gerador de números aleatórios não seguro. Use geradores de números aleatórios criptograficamente seguros quando a aleatoriedade for necessária para segurança. (https://learn.microsoft.com/dotnet/fundamentals/code-analysis/quality-rules/ca5394) [/home/roberson/Dev/MyNewLittleBank/src/Mock.Transactions/Mock.Transactions.csproj]
/home/roberson/Dev/MyNewLittleBank/src/Mock.Transactions/ApiSeedService.cs(277,9): warning CA1031: Modifique 'GetOrCreateClientAsync' para capturar um tipo de exceção permitida mais específico ou gerar a exceção novamente (https://learn.microsoft.com/dotnet/fundamentals/code-analysis/quality-rules/ca1031) [/home/roberson/Dev/MyNewLittleBank/src/Mock.Transactions/Mock.Transactions.csproj]
/home/roberson/Dev/MyNewLittleBank/src/Mock.Transactions/ApiSeedService.cs(398,34): warning CA2234: Modifique 'ApiSeedService.GetAccountAsync(string, CancellationToken)' para chamar 'HttpClient.GetAsync(Uri, CancellationToken)', em vez de 'HttpClient.GetAsync(string, CancellationToken)' (https://learn.microsoft.com/dotnet/fundamentals/code-analysis/quality-rules/ca2234) [/home/roberson/Dev/MyNewLittleBank/src/Mock.Transactions/Mock.Transactions.csproj]
/home/roberson/Dev/MyNewLittleBank/src/Mock.Transactions/ApiSeedService.cs(395,9): warning CA1848: Para melhorar o desempenho, use os delegados LoggerMessage em vez de chamar 'LoggerExtensions.LogDebug(ILogger, string?, params object?[])' (https://learn.microsoft.com/dotnet/fundamentals/code-analysis/quality-rules/ca1848) [/home/roberson/Dev/MyNewLittleBank/src/Mock.Transactions/Mock.Transactions.csproj]
/home/roberson/Dev/MyNewLittleBank/src/Mock.Transactions/ApiSeedService.cs(401,17): warning CA1848: Para melhorar o desempenho, use os delegados LoggerMessage em vez de chamar 'LoggerExtensions.LogDebug(ILogger, string?, params object?[])' (https://learn.microsoft.com/dotnet/fundamentals/code-analysis/quality-rules/ca1848) [/home/roberson/Dev/MyNewLittleBank/src/Mock.Transactions/Mock.Transactions.csproj]
/home/roberson/Dev/MyNewLittleBank/src/Mock.Transactions/ApiSeedService.cs(408,17): warning CA1848: Para melhorar o desempenho, use os delegados LoggerMessage em vez de chamar 'LoggerExtensions.LogError(ILogger, string?, params object?[])' (https://learn.microsoft.com/dotnet/fundamentals/code-analysis/quality-rules/ca1848) [/home/roberson/Dev/MyNewLittleBank/src/Mock.Transactions/Mock.Transactions.csproj]
/home/roberson/Dev/MyNewLittleBank/src/Mock.Transactions/ApiSeedService.cs(415,13): warning CA1848: Para melhorar o desempenho, use os delegados LoggerMessage em vez de chamar 'LoggerExtensions.LogDebug(ILogger, string?, params object?[])' (https://learn.microsoft.com/dotnet/fundamentals/code-analysis/quality-rules/ca1848) [/home/roberson/Dev/MyNewLittleBank/src/Mock.Transactions/Mock.Transactions.csproj]
/home/roberson/Dev/MyNewLittleBank/src/Mock.Transactions/ApiSeedService.cs(420,13): warning CA1848: Para melhorar o desempenho, use os delegados LoggerMessage em vez de chamar 'LoggerExtensions.LogError(ILogger, Exception?, string?, params object?[])' (https://learn.microsoft.com/dotnet/fundamentals/code-analysis/quality-rules/ca1848) [/home/roberson/Dev/MyNewLittleBank/src/Mock.Transactions/Mock.Transactions.csproj]
/home/roberson/Dev/MyNewLittleBank/src/Mock.Transactions/ApiSeedService.cs(418,9): warning CA1031: Modifique 'GetAccountAsync' para capturar um tipo de exceção permitida mais específico ou gerar a exceção novamente (https://learn.microsoft.com/dotnet/fundamentals/code-analysis/quality-rules/ca1031) [/home/roberson/Dev/MyNewLittleBank/src/Mock.Transactions/Mock.Transactions.csproj]
/home/roberson/Dev/MyNewLittleBank/src/Mock.Transactions/MockTransactionsWorker.cs(170,17): warning S1066: Merge this if statement with the enclosing one. (https://rules.sonarsource.com/csharp/RSPEC-1066) [/home/roberson/Dev/MyNewLittleBank/src/Mock.Transactions/Mock.Transactions.csproj]
/home/roberson/Dev/MyNewLittleBank/src/Mock.Transactions/ApiSeedService.cs(289,34): warning CA2234: Modifique 'ApiSeedService.GetClientByCpfAsync(string, CancellationToken)' para chamar 'HttpClient.GetAsync(Uri, CancellationToken)', em vez de 'HttpClient.GetAsync(string, CancellationToken)' (https://learn.microsoft.com/dotnet/fundamentals/code-analysis/quality-rules/ca2234) [/home/roberson/Dev/MyNewLittleBank/src/Mock.Transactions/Mock.Transactions.csproj]
/home/roberson/Dev/MyNewLittleBank/src/Mock.Transactions/ApiSeedService.cs(286,9): warning CA1848: Para melhorar o desempenho, use os delegados LoggerMessage em vez de chamar 'LoggerExtensions.LogDebug(ILogger, string?, params object?[])' (https://learn.microsoft.com/dotnet/fundamentals/code-analysis/quality-rules/ca1848) [/home/roberson/Dev/MyNewLittleBank/src/Mock.Transactions/Mock.Transactions.csproj]
/home/roberson/Dev/MyNewLittleBank/src/Mock.Transactions/ApiSeedService.cs(292,17): warning CA1848: Para melhorar o desempenho, use os delegados LoggerMessage em vez de chamar 'LoggerExtensions.LogWarning(ILogger, string?, params object?[])' (https://learn.microsoft.com/dotnet/fundamentals/code-analysis/quality-rules/ca1848) [/home/roberson/Dev/MyNewLittleBank/src/Mock.Transactions/Mock.Transactions.csproj]
/home/roberson/Dev/MyNewLittleBank/src/Mock.Transactions/ApiSeedService.cs(299,17): warning CA1848: Para melhorar o desempenho, use os delegados LoggerMessage em vez de chamar 'LoggerExtensions.LogError(ILogger, string?, params object?[])' (https://learn.microsoft.com/dotnet/fundamentals/code-analysis/quality-rules/ca1848) [/home/roberson/Dev/MyNewLittleBank/src/Mock.Transactions/Mock.Transactions.csproj]
/home/roberson/Dev/MyNewLittleBank/src/Mock.Transactions/ApiSeedService.cs(306,13): warning CA1848: Para melhorar o desempenho, use os delegados LoggerMessage em vez de chamar 'LoggerExtensions.LogDebug(ILogger, string?, params object?[])' (https://learn.microsoft.com/dotnet/fundamentals/code-analysis/quality-rules/ca1848) [/home/roberson/Dev/MyNewLittleBank/src/Mock.Transactions/Mock.Transactions.csproj]
/home/roberson/Dev/MyNewLittleBank/src/Mock.Transactions/ApiSeedService.cs(311,13): warning CA1848: Para melhorar o desempenho, use os delegados LoggerMessage em vez de chamar 'LoggerExtensions.LogError(ILogger, Exception?, string?, params object?[])' (https://learn.microsoft.com/dotnet/fundamentals/code-analysis/quality-rules/ca1848) [/home/roberson/Dev/MyNewLittleBank/src/Mock.Transactions/Mock.Transactions.csproj]
/home/roberson/Dev/MyNewLittleBank/src/Mock.Transactions/ApiSeedService.cs(439,13): warning CA1848: Para melhorar o desempenho, use os delegados LoggerMessage em vez de chamar 'LoggerExtensions.LogWarning(ILogger, Exception?, string?, params object?[])' (https://learn.microsoft.com/dotnet/fundamentals/code-analysis/quality-rules/ca1848) [/home/roberson/Dev/MyNewLittleBank/src/Mock.Transactions/Mock.Transactions.csproj]
/home/roberson/Dev/MyNewLittleBank/src/Mock.Transactions/ApiSeedService.cs(437,9): warning CA1031: Modifique 'ReadErrorResponseBodyAsync' para capturar um tipo de exceção permitida mais específico ou gerar a exceção novamente (https://learn.microsoft.com/dotnet/fundamentals/code-analysis/quality-rules/ca1031) [/home/roberson/Dev/MyNewLittleBank/src/Mock.Transactions/Mock.Transactions.csproj]
/home/roberson/Dev/MyNewLittleBank/src/Mock.Transactions/ApiSeedService.cs(309,9): warning CA1031: Modifique 'GetClientByCpfAsync' para capturar um tipo de exceção permitida mais específico ou gerar a exceção novamente (https://learn.microsoft.com/dotnet/fundamentals/code-analysis/quality-rules/ca1031) [/home/roberson/Dev/MyNewLittleBank/src/Mock.Transactions/Mock.Transactions.csproj]
/home/roberson/Dev/MyNewLittleBank/src/Mock.Transactions/ApiSeedService.cs(318,9): warning CA1848: Para melhorar o desempenho, use os delegados LoggerMessage em vez de chamar 'LoggerExtensions.LogDebug(ILogger, string?, params object?[])' (https://learn.microsoft.com/dotnet/fundamentals/code-analysis/quality-rules/ca1848) [/home/roberson/Dev/MyNewLittleBank/src/Mock.Transactions/Mock.Transactions.csproj]
/home/roberson/Dev/MyNewLittleBank/src/Mock.Transactions/ApiSeedService.cs(334,17): warning CA1848: Para melhorar o desempenho, use os delegados LoggerMessage em vez de chamar 'LoggerExtensions.LogInformation(ILogger, string?, params object?[])' (https://learn.microsoft.com/dotnet/fundamentals/code-analysis/quality-rules/ca1848) [/home/roberson/Dev/MyNewLittleBank/src/Mock.Transactions/Mock.Transactions.csproj]
/home/roberson/Dev/MyNewLittleBank/src/Mock.Transactions/ApiSeedService.cs(340,17): warning CA1848: Para melhorar o desempenho, use os delegados LoggerMessage em vez de chamar 'LoggerExtensions.LogWarning(ILogger, string?, params object?[])' (https://learn.microsoft.com/dotnet/fundamentals/code-analysis/quality-rules/ca1848) [/home/roberson/Dev/MyNewLittleBank/src/Mock.Transactions/Mock.Transactions.csproj]
/home/roberson/Dev/MyNewLittleBank/src/Mock.Transactions/ApiSeedService.cs(346,21): warning CA1848: Para melhorar o desempenho, use os delegados LoggerMessage em vez de chamar 'LoggerExtensions.LogInformation(ILogger, string?, params object?[])' (https://learn.microsoft.com/dotnet/fundamentals/code-analysis/quality-rules/ca1848) [/home/roberson/Dev/MyNewLittleBank/src/Mock.Transactions/Mock.Transactions.csproj]
/home/roberson/Dev/MyNewLittleBank/src/Mock.Transactions/ApiSeedService.cs(350,25): warning CA1848: Para melhorar o desempenho, use os delegados LoggerMessage em vez de chamar 'LoggerExtensions.LogInformation(ILogger, string?, params object?[])' (https://learn.microsoft.com/dotnet/fundamentals/code-analysis/quality-rules/ca1848) [/home/roberson/Dev/MyNewLittleBank/src/Mock.Transactions/Mock.Transactions.csproj]
/home/roberson/Dev/MyNewLittleBank/src/Mock.Transactions/ApiSeedService.cs(356,21): warning CA1848: Para melhorar o desempenho, use os delegados LoggerMessage em vez de chamar 'LoggerExtensions.LogError(ILogger, string?, params object?[])' (https://learn.microsoft.com/dotnet/fundamentals/code-analysis/quality-rules/ca1848) [/home/roberson/Dev/MyNewLittleBank/src/Mock.Transactions/Mock.Transactions.csproj]
/home/roberson/Dev/MyNewLittleBank/src/Mock.Transactions/ApiSeedService.cs(364,21): warning CA1848: Para melhorar o desempenho, use os delegados LoggerMessage em vez de chamar 'LoggerExtensions.LogError(ILogger, string?, params object?[])' (https://learn.microsoft.com/dotnet/fundamentals/code-analysis/quality-rules/ca1848) [/home/roberson/Dev/MyNewLittleBank/src/Mock.Transactions/Mock.Transactions.csproj]
/home/roberson/Dev/MyNewLittleBank/src/Mock.Transactions/ApiSeedService.cs(374,17): warning CA1848: Para melhorar o desempenho, use os delegados LoggerMessage em vez de chamar 'LoggerExtensions.LogError(ILogger, string?, params object?[])' (https://learn.microsoft.com/dotnet/fundamentals/code-analysis/quality-rules/ca1848) [/home/roberson/Dev/MyNewLittleBank/src/Mock.Transactions/Mock.Transactions.csproj]
/home/roberson/Dev/MyNewLittleBank/src/Mock.Transactions/ApiSeedService.cs(381,13): warning CA1848: Para melhorar o desempenho, use os delegados LoggerMessage em vez de chamar 'LoggerExtensions.LogError(ILogger, string?, params object?[])' (https://learn.microsoft.com/dotnet/fundamentals/code-analysis/quality-rules/ca1848) [/home/roberson/Dev/MyNewLittleBank/src/Mock.Transactions/Mock.Transactions.csproj]
/home/roberson/Dev/MyNewLittleBank/src/Mock.Transactions/ApiSeedService.cs(388,13): warning CA1848: Para melhorar o desempenho, use os delegados LoggerMessage em vez de chamar 'LoggerExtensions.LogError(ILogger, Exception?, string?, params object?[])' (https://learn.microsoft.com/dotnet/fundamentals/code-analysis/quality-rules/ca1848) [/home/roberson/Dev/MyNewLittleBank/src/Mock.Transactions/Mock.Transactions.csproj]
/home/roberson/Dev/MyNewLittleBank/src/Mock.Transactions/MockTransactionsWorker.cs(72,21): warning CA1848: Para melhorar o desempenho, use os delegados LoggerMessage em vez de chamar 'LoggerExtensions.LogWarning(ILogger, string?, params object?[])' (https://learn.microsoft.com/dotnet/fundamentals/code-analysis/quality-rules/ca1848) [/home/roberson/Dev/MyNewLittleBank/src/Mock.Transactions/Mock.Transactions.csproj]
/home/roberson/Dev/MyNewLittleBank/src/Mock.Transactions/MockTransactionsWorker.cs(95,17): warning CA1848: Para melhorar o desempenho, use os delegados LoggerMessage em vez de chamar 'LoggerExtensions.LogWarning(ILogger, string?, params object?[])' (https://learn.microsoft.com/dotnet/fundamentals/code-analysis/quality-rules/ca1848) [/home/roberson/Dev/MyNewLittleBank/src/Mock.Transactions/Mock.Transactions.csproj]
/home/roberson/Dev/MyNewLittleBank/src/Mock.Transactions/MockTransactionsWorker.cs(114,17): warning CA1848: Para melhorar o desempenho, use os delegados LoggerMessage em vez de chamar 'LoggerExtensions.LogWarning(ILogger, Exception?, string?, params object?[])' (https://learn.microsoft.com/dotnet/fundamentals/code-analysis/quality-rules/ca1848) [/home/roberson/Dev/MyNewLittleBank/src/Mock.Transactions/Mock.Transactions.csproj]
/home/roberson/Dev/MyNewLittleBank/src/Mock.Transactions/MockTransactionsWorker.cs(130,17): warning CA1848: Para melhorar o desempenho, use os delegados LoggerMessage em vez de chamar 'LoggerExtensions.LogError(ILogger, string?, params object?[])' (https://learn.microsoft.com/dotnet/fundamentals/code-analysis/quality-rules/ca1848) [/home/roberson/Dev/MyNewLittleBank/src/Mock.Transactions/Mock.Transactions.csproj]
/home/roberson/Dev/MyNewLittleBank/src/Mock.Transactions/MockTransactionsWorker.cs(145,25): warning CA1848: Para melhorar o desempenho, use os delegados LoggerMessage em vez de chamar 'LoggerExtensions.LogError(ILogger, string?, params object?[])' (https://learn.microsoft.com/dotnet/fundamentals/code-analysis/quality-rules/ca1848) [/home/roberson/Dev/MyNewLittleBank/src/Mock.Transactions/Mock.Transactions.csproj]
/home/roberson/Dev/MyNewLittleBank/src/Mock.Transactions/MockTransactionsWorker.cs(152,21): warning CA1848: Para melhorar o desempenho, use os delegados LoggerMessage em vez de chamar 'LoggerExtensions.LogError(ILogger, Exception?, string?, params object?[])' (https://learn.microsoft.com/dotnet/fundamentals/code-analysis/quality-rules/ca1848) [/home/roberson/Dev/MyNewLittleBank/src/Mock.Transactions/Mock.Transactions.csproj]
/home/roberson/Dev/MyNewLittleBank/src/Mock.Transactions/MockTransactionsWorker.cs(163,21): warning CA1848: Para melhorar o desempenho, use os delegados LoggerMessage em vez de chamar 'LoggerExtensions.LogError(ILogger, string?, params object?[])' (https://learn.microsoft.com/dotnet/fundamentals/code-analysis/quality-rules/ca1848) [/home/roberson/Dev/MyNewLittleBank/src/Mock.Transactions/Mock.Transactions.csproj]
/home/roberson/Dev/MyNewLittleBank/src/Mock.Transactions/MockTransactionsWorker.cs(172,21): warning CA1848: Para melhorar o desempenho, use os delegados LoggerMessage em vez de chamar 'LoggerExtensions.LogError(ILogger, string?, params object?[])' (https://learn.microsoft.com/dotnet/fundamentals/code-analysis/quality-rules/ca1848) [/home/roberson/Dev/MyNewLittleBank/src/Mock.Transactions/Mock.Transactions.csproj]
/home/roberson/Dev/MyNewLittleBank/src/Mock.Transactions/MockTransactionsWorker.cs(187,17): warning CA1848: Para melhorar o desempenho, use os delegados LoggerMessage em vez de chamar 'LoggerExtensions.LogError(ILogger, string?, params object?[])' (https://learn.microsoft.com/dotnet/fundamentals/code-analysis/quality-rules/ca1848) [/home/roberson/Dev/MyNewLittleBank/src/Mock.Transactions/Mock.Transactions.csproj]
/home/roberson/Dev/MyNewLittleBank/src/Mock.Transactions/MockTransactionsWorker.cs(194,22): warning CA1308: No método 'ExecuteAsync', substitua a chamada para 'ToLowerInvariant' por 'ToUpperInvariant' (https://learn.microsoft.com/dotnet/fundamentals/code-analysis/quality-rules/ca1308) [/home/roberson/Dev/MyNewLittleBank/src/Mock.Transactions/Mock.Transactions.csproj]
/home/roberson/Dev/MyNewLittleBank/src/Mock.Transactions/ApiSeedService.cs(386,9): warning CA1031: Modifique 'GetOrCreateAccountAsync' para capturar um tipo de exceção permitida mais específico ou gerar a exceção novamente (https://learn.microsoft.com/dotnet/fundamentals/code-analysis/quality-rules/ca1031) [/home/roberson/Dev/MyNewLittleBank/src/Mock.Transactions/Mock.Transactions.csproj]
/home/roberson/Dev/MyNewLittleBank/src/Mock.Transactions/MockTransactionsWorker.cs(89,43): warning CA5394: Random é um gerador de números aleatórios não seguro. Use geradores de números aleatórios criptograficamente seguros quando a aleatoriedade for necessária para segurança. (https://learn.microsoft.com/dotnet/fundamentals/code-analysis/quality-rules/ca5394) [/home/roberson/Dev/MyNewLittleBank/src/Mock.Transactions/Mock.Transactions.csproj]
/home/roberson/Dev/MyNewLittleBank/src/Mock.Transactions/ApiSeedService.cs(189,17): warning CA1848: Para melhorar o desempenho, use os delegados LoggerMessage em vez de chamar 'LoggerExtensions.LogWarning(ILogger, string?, params object?[])' (https://learn.microsoft.com/dotnet/fundamentals/code-analysis/quality-rules/ca1848) [/home/roberson/Dev/MyNewLittleBank/src/Mock.Transactions/Mock.Transactions.csproj]
/home/roberson/Dev/MyNewLittleBank/src/Mock.Transactions/ApiSeedService.cs(214,17): warning CA1848: Para melhorar o desempenho, use os delegados LoggerMessage em vez de chamar 'LoggerExtensions.LogWarning(ILogger, string?, params object?[])' (https://learn.microsoft.com/dotnet/fundamentals/code-analysis/quality-rules/ca1848) [/home/roberson/Dev/MyNewLittleBank/src/Mock.Transactions/Mock.Transactions.csproj]
/home/roberson/Dev/MyNewLittleBank/src/Mock.Transactions/ApiSeedService.cs(218,9): warning CA1848: Para melhorar o desempenho, use os delegados LoggerMessage em vez de chamar 'LoggerExtensions.LogInformation(ILogger, string?, params object?[])' (https://learn.microsoft.com/dotnet/fundamentals/code-analysis/quality-rules/ca1848) [/home/roberson/Dev/MyNewLittleBank/src/Mock.Transactions/Mock.Transactions.csproj]
/home/roberson/Dev/MyNewLittleBank/src/Mock.Transactions/Program.cs(13,14): warning S1481: Remove the unused local variable 'serviceName'. (https://rules.sonarsource.com/csharp/RSPEC-1481) [/home/roberson/Dev/MyNewLittleBank/src/Mock.Transactions/Mock.Transactions.csproj]
/home/roberson/Dev/MyNewLittleBank/src/Mock.Transactions/MockTransactionsWorker.cs(150,17): warning CA1031: Modifique 'ExecuteAsync' para capturar um tipo de exceção permitida mais específico ou gerar a exceção novamente (https://learn.microsoft.com/dotnet/fundamentals/code-analysis/quality-rules/ca1031) [/home/roberson/Dev/MyNewLittleBank/src/Mock.Transactions/Mock.Transactions.csproj]
/home/roberson/Dev/MyNewLittleBank/src/Mock.Transactions/ApiSeedService.cs(450,42): warning CA1859: Altere o tipo de retorno do método 'CreatePixKeysForAccount' de 'System.Collections.Generic.IReadOnlyList<string>' para 'string[]' para melhorar o desempenho (https://learn.microsoft.com/dotnet/fundamentals/code-analysis/quality-rules/ca1859) [/home/roberson/Dev/MyNewLittleBank/src/Mock.Transactions/Mock.Transactions.csproj]
/home/roberson/Dev/MyNewLittleBank/src/Mock.Transactions/ApiSeedService.cs(447,27): warning CA1812: 'ApiSeedService.ClientResponse' é uma classe interna que aparentemente nunca é instanciada. Em caso afirmativo, remova o código do assembly. Se esta classe destina-se a conter apenas membros estáticos, torne-a 'static' (Module in Visual Basic). (https://learn.microsoft.com/dotnet/fundamentals/code-analysis/quality-rules/ca1812) [/home/roberson/Dev/MyNewLittleBank/src/Mock.Transactions/Mock.Transactions.csproj]
/home/roberson/Dev/MyNewLittleBank/src/Mock.Transactions/ApiSeedService.cs(448,27): warning CA1812: 'ApiSeedService.AccountResponse' é uma classe interna que aparentemente nunca é instanciada. Em caso afirmativo, remova o código do assembly. Se esta classe destina-se a conter apenas membros estáticos, torne-a 'static' (Module in Visual Basic). (https://learn.microsoft.com/dotnet/fundamentals/code-analysis/quality-rules/ca1812) [/home/roberson/Dev/MyNewLittleBank/src/Mock.Transactions/Mock.Transactions.csproj]
/home/roberson/Dev/MyNewLittleBank/tests/Integration/Infrastructure/IntegrationTestCollection.cs(6,21): warning CA1711: Renomeie o nome de tipo IntegrationTestCollection para que ele não termine em 'Collection' (https://learn.microsoft.com/dotnet/fundamentals/code-analysis/quality-rules/ca1711) [/home/roberson/Dev/MyNewLittleBank/tests/Integration/MyNewLittleBank.Tests.Integration.csproj]
/home/roberson/Dev/MyNewLittleBank/tests/Integration/Smoke/InfrastructureSmokeTests.cs(15,23): warning CA1707: Remova os sublinhados do nome do membro MyNewLittleBank.Tests.Integration.Smoke.InfrastructureSmokeTests.Postgres_container_should_accept_connections() (https://learn.microsoft.com/dotnet/fundamentals/code-analysis/quality-rules/ca1707) [/home/roberson/Dev/MyNewLittleBank/tests/Integration/MyNewLittleBank.Tests.Integration.csproj]
/home/roberson/Dev/MyNewLittleBank/tests/Integration/Smoke/InfrastructureSmokeTests.cs(17,68): warning xUnit1030: Test methods should not call ConfigureAwait(false), as it may bypass parallelization limits. Omit ConfigureAwait, or use ConfigureAwait(true) to avoid CA2007. (https://xunit.net/xunit.analyzers/rules/xUnit1030) [/home/roberson/Dev/MyNewLittleBank/tests/Integration/MyNewLittleBank.Tests.Integration.csproj]
/home/roberson/Dev/MyNewLittleBank/tests/Integration/Messaging/RebusEndToEndTests.cs(247,41): warning S1144: Remove the unused private method 'CreateRabbitSettingsForQueue'. (https://rules.sonarsource.com/csharp/RSPEC-1144) [/home/roberson/Dev/MyNewLittleBank/tests/Integration/MyNewLittleBank.Tests.Integration.csproj]
/home/roberson/Dev/MyNewLittleBank/tests/Integration/Messaging/RebusEndToEndTests.cs(293,26): warning S1144: Remove the unused private class 'FailingConsumer'. (https://rules.sonarsource.com/csharp/RSPEC-1144) [/home/roberson/Dev/MyNewLittleBank/tests/Integration/MyNewLittleBank.Tests.Integration.csproj]
/home/roberson/Dev/MyNewLittleBank/tests/Integration/Messaging/RebusEndToEndTests.cs(297,9): warning S1144: Remove unused constructor of private type 'FailingConsumer'. (https://rules.sonarsource.com/csharp/RSPEC-1144) [/home/roberson/Dev/MyNewLittleBank/tests/Integration/MyNewLittleBank.Tests.Integration.csproj]
/home/roberson/Dev/MyNewLittleBank/tests/Integration/Messaging/RebusEndToEndTests.cs(62,23): warning CA1707: Remova os sublinhados do nome do membro MyNewLittleBank.Tests.Integration.Messaging.RebusEndToEndTests.Failing_handler_should_retry_and_eventually_give_up() (https://learn.microsoft.com/dotnet/fundamentals/code-analysis/quality-rules/ca1707) [/home/roberson/Dev/MyNewLittleBank/tests/Integration/MyNewLittleBank.Tests.Integration.csproj]
/home/roberson/Dev/MyNewLittleBank/tests/Integration/Messaging/RebusEndToEndTests.cs(39,23): warning CA1707: Remova os sublinhados do nome do membro MyNewLittleBank.Tests.Integration.Messaging.RebusEndToEndTests.Publish_and_consume_should_reach_handler() (https://learn.microsoft.com/dotnet/fundamentals/code-analysis/quality-rules/ca1707) [/home/roberson/Dev/MyNewLittleBank/tests/Integration/MyNewLittleBank.Tests.Integration.csproj]
/home/roberson/Dev/MyNewLittleBank/tests/Integration/Infrastructure/IntegrationInfrastructureFixture.cs(57,16): warning CA1305: O comportamento de 'Convert.ToInt32(object)' pode variar dependendo das configurações de localidade do usuário atual. Substitua esta chamada em 'IntegrationInfrastructureFixture.ExecuteScalarAsync(string)' por uma chamada para 'Convert.ToInt32(object, IFormatProvider)'. (https://learn.microsoft.com/dotnet/fundamentals/code-analysis/quality-rules/ca1305) [/home/roberson/Dev/MyNewLittleBank/tests/Integration/MyNewLittleBank.Tests.Integration.csproj]
/home/roberson/Dev/MyNewLittleBank/tests/Integration/Infrastructure/IntegrationInfrastructureFixture.cs(53,38): warning CA2007: Considere chamar ConfigureAwait na tarefa esperada (https://learn.microsoft.com/dotnet/fundamentals/code-analysis/quality-rules/ca2007) [/home/roberson/Dev/MyNewLittleBank/tests/Integration/MyNewLittleBank.Tests.Integration.csproj]
/home/roberson/Dev/MyNewLittleBank/tests/Integration/Infrastructure/IntegrationInfrastructureFixture.cs(55,35): warning CA2007: Considere chamar ConfigureAwait na tarefa esperada (https://learn.microsoft.com/dotnet/fundamentals/code-analysis/quality-rules/ca2007) [/home/roberson/Dev/MyNewLittleBank/tests/Integration/MyNewLittleBank.Tests.Integration.csproj]
/home/roberson/Dev/MyNewLittleBank/tests/Integration/Messaging/RebusEndToEndTests.cs(89,23): warning CA1707: Remova os sublinhados do nome do membro MyNewLittleBank.Tests.Integration.Messaging.RebusEndToEndTests.Outbox_dispatcher_should_publish_and_consumer_should_receive() (https://learn.microsoft.com/dotnet/fundamentals/code-analysis/quality-rules/ca1707) [/home/roberson/Dev/MyNewLittleBank/tests/Integration/MyNewLittleBank.Tests.Integration.csproj]
/home/roberson/Dev/MyNewLittleBank/tests/Integration/Services/OutboxInboxTests.cs(24,23): warning CA1707: Remova os sublinhados do nome do membro MyNewLittleBank.Tests.Integration.Services.OutboxInboxTests.OutboxDispatcher_should_mark_messages_sent_and_publish_payloads() (https://learn.microsoft.com/dotnet/fundamentals/code-analysis/quality-rules/ca1707) [/home/roberson/Dev/MyNewLittleBank/tests/Integration/MyNewLittleBank.Tests.Integration.csproj]
/home/roberson/Dev/MyNewLittleBank/tests/Integration/Messaging/RebusEndToEndTests.cs(69,43): warning CA2007: Considere chamar ConfigureAwait na tarefa esperada (https://learn.microsoft.com/dotnet/fundamentals/code-analysis/quality-rules/ca2007) [/home/roberson/Dev/MyNewLittleBank/tests/Integration/MyNewLittleBank.Tests.Integration.csproj]
/home/roberson/Dev/MyNewLittleBank/tests/Integration/Smoke/InfrastructureSmokeTests.cs(24,23): warning CA1707: Remova os sublinhados do nome do membro MyNewLittleBank.Tests.Integration.Smoke.InfrastructureSmokeTests.RabbitMq_container_should_be_reachable() (https://learn.microsoft.com/dotnet/fundamentals/code-analysis/quality-rules/ca1707) [/home/roberson/Dev/MyNewLittleBank/tests/Integration/MyNewLittleBank.Tests.Integration.csproj]
/home/roberson/Dev/MyNewLittleBank/tests/Integration/Smoke/InfrastructureSmokeTests.cs(30,15): warning CA2007: Considere chamar ConfigureAwait na tarefa esperada (https://learn.microsoft.com/dotnet/fundamentals/code-analysis/quality-rules/ca2007) [/home/roberson/Dev/MyNewLittleBank/tests/Integration/MyNewLittleBank.Tests.Integration.csproj]
/home/roberson/Dev/MyNewLittleBank/tests/Integration/Messaging/RebusEndToEndTests.cs(139,23): warning CA1707: Remova os sublinhados do nome do membro MyNewLittleBank.Tests.Integration.Messaging.RebusEndToEndTests.Publish_should_propagate_traceparent_header() (https://learn.microsoft.com/dotnet/fundamentals/code-analysis/quality-rules/ca1707) [/home/roberson/Dev/MyNewLittleBank/tests/Integration/MyNewLittleBank.Tests.Integration.csproj]
/home/roberson/Dev/MyNewLittleBank/tests/Integration/Services/OutboxInboxTests.cs(70,23): warning CA1707: Remova os sublinhados do nome do membro MyNewLittleBank.Tests.Integration.Services.OutboxInboxTests.InboxMessageStore_should_reject_duplicate_processing() (https://learn.microsoft.com/dotnet/fundamentals/code-analysis/quality-rules/ca1707) [/home/roberson/Dev/MyNewLittleBank/tests/Integration/MyNewLittleBank.Tests.Integration.csproj]
/home/roberson/Dev/MyNewLittleBank/tests/Integration/Messaging/RebusEndToEndTests.cs(44,36): warning CA2007: Considere chamar ConfigureAwait na tarefa esperada (https://learn.microsoft.com/dotnet/fundamentals/code-analysis/quality-rules/ca2007) [/home/roberson/Dev/MyNewLittleBank/tests/Integration/MyNewLittleBank.Tests.Integration.csproj]
/home/roberson/Dev/MyNewLittleBank/tests/Integration/Infrastructure/IntegrationInfrastructureFixture.cs(55,35): warning CA2100: Examine se a cadeia de caracteres de consulta passada para 'NpgsqlCommand.NpgsqlCommand(string? cmdText, NpgsqlConnection? connection)' em 'ExecuteScalarAsync' aceita qualquer entrada do usuário (https://learn.microsoft.com/dotnet/fundamentals/code-analysis/quality-rules/ca2100) [/home/roberson/Dev/MyNewLittleBank/tests/Integration/MyNewLittleBank.Tests.Integration.csproj]
/home/roberson/Dev/MyNewLittleBank/tests/Integration/Services/OutboxInboxTests.cs(79,57): warning xUnit1030: Test methods should not call ConfigureAwait(false), as it may bypass parallelization limits. Omit ConfigureAwait, or use ConfigureAwait(true) to avoid CA2007. (https://xunit.net/xunit.analyzers/rules/xUnit1030) [/home/roberson/Dev/MyNewLittleBank/tests/Integration/MyNewLittleBank.Tests.Integration.csproj]
/home/roberson/Dev/MyNewLittleBank/tests/Integration/Services/OutboxInboxTests.cs(89,114): warning xUnit1030: Test methods should not call ConfigureAwait(false), as it may bypass parallelization limits. Omit ConfigureAwait, or use ConfigureAwait(true) to avoid CA2007. (https://xunit.net/xunit.analyzers/rules/xUnit1030) [/home/roberson/Dev/MyNewLittleBank/tests/Integration/MyNewLittleBank.Tests.Integration.csproj]
/home/roberson/Dev/MyNewLittleBank/tests/Integration/Services/OutboxInboxTests.cs(90,118): warning xUnit1030: Test methods should not call ConfigureAwait(false), as it may bypass parallelization limits. Omit ConfigureAwait, or use ConfigureAwait(true) to avoid CA2007. (https://xunit.net/xunit.analyzers/rules/xUnit1030) [/home/roberson/Dev/MyNewLittleBank/tests/Integration/MyNewLittleBank.Tests.Integration.csproj]
/home/roberson/Dev/MyNewLittleBank/tests/Integration/Services/OutboxInboxTests.cs(35,57): warning xUnit1030: Test methods should not call ConfigureAwait(false), as it may bypass parallelization limits. Omit ConfigureAwait, or use ConfigureAwait(true) to avoid CA2007. (https://xunit.net/xunit.analyzers/rules/xUnit1030) [/home/roberson/Dev/MyNewLittleBank/tests/Integration/MyNewLittleBank.Tests.Integration.csproj]
/home/roberson/Dev/MyNewLittleBank/tests/Integration/Services/OutboxInboxTests.cs(39,66): warning xUnit1030: Test methods should not call ConfigureAwait(false), as it may bypass parallelization limits. Omit ConfigureAwait, or use ConfigureAwait(true) to avoid CA2007. (https://xunit.net/xunit.analyzers/rules/xUnit1030) [/home/roberson/Dev/MyNewLittleBank/tests/Integration/MyNewLittleBank.Tests.Integration.csproj]
/home/roberson/Dev/MyNewLittleBank/tests/Integration/Services/OutboxInboxTests.cs(40,46): warning xUnit1030: Test methods should not call ConfigureAwait(false), as it may bypass parallelization limits. Omit ConfigureAwait, or use ConfigureAwait(true) to avoid CA2007. (https://xunit.net/xunit.analyzers/rules/xUnit1030) [/home/roberson/Dev/MyNewLittleBank/tests/Integration/MyNewLittleBank.Tests.Integration.csproj]
/home/roberson/Dev/MyNewLittleBank/tests/Integration/Services/OutboxInboxTests.cs(54,75): warning xUnit1030: Test methods should not call ConfigureAwait(false), as it may bypass parallelization limits. Omit ConfigureAwait, or use ConfigureAwait(true) to avoid CA2007. (https://xunit.net/xunit.analyzers/rules/xUnit1030) [/home/roberson/Dev/MyNewLittleBank/tests/Integration/MyNewLittleBank.Tests.Integration.csproj]
/home/roberson/Dev/MyNewLittleBank/tests/Integration/Services/OutboxInboxTests.cs(61,119): warning xUnit1030: Test methods should not call ConfigureAwait(false), as it may bypass parallelization limits. Omit ConfigureAwait, or use ConfigureAwait(true) to avoid CA2007. (https://xunit.net/xunit.analyzers/rules/xUnit1030) [/home/roberson/Dev/MyNewLittleBank/tests/Integration/MyNewLittleBank.Tests.Integration.csproj]
/home/roberson/Dev/MyNewLittleBank/tests/Integration/Messaging/RebusEndToEndTests.cs(113,57): warning xUnit1030: Test methods should not call ConfigureAwait(false), as it may bypass parallelization limits. Omit ConfigureAwait, or use ConfigureAwait(true) to avoid CA2007. (https://xunit.net/xunit.analyzers/rules/xUnit1030) [/home/roberson/Dev/MyNewLittleBank/tests/Integration/MyNewLittleBank.Tests.Integration.csproj]
/home/roberson/Dev/MyNewLittleBank/tests/Integration/Messaging/RebusEndToEndTests.cs(115,59): warning xUnit1030: Test methods should not call ConfigureAwait(false), as it may bypass parallelization limits. Omit ConfigureAwait, or use ConfigureAwait(true) to avoid CA2007. (https://xunit.net/xunit.analyzers/rules/xUnit1030) [/home/roberson/Dev/MyNewLittleBank/tests/Integration/MyNewLittleBank.Tests.Integration.csproj]
/home/roberson/Dev/MyNewLittleBank/tests/Integration/Messaging/RebusEndToEndTests.cs(116,46): warning xUnit1030: Test methods should not call ConfigureAwait(false), as it may bypass parallelization limits. Omit ConfigureAwait, or use ConfigureAwait(true) to avoid CA2007. (https://xunit.net/xunit.analyzers/rules/xUnit1030) [/home/roberson/Dev/MyNewLittleBank/tests/Integration/MyNewLittleBank.Tests.Integration.csproj]
/home/roberson/Dev/MyNewLittleBank/tests/Integration/Messaging/RebusEndToEndTests.cs(126,71): warning xUnit1030: Test methods should not call ConfigureAwait(false), as it may bypass parallelization limits. Omit ConfigureAwait, or use ConfigureAwait(true) to avoid CA2007. (https://xunit.net/xunit.analyzers/rules/xUnit1030) [/home/roberson/Dev/MyNewLittleBank/tests/Integration/MyNewLittleBank.Tests.Integration.csproj]
/home/roberson/Dev/MyNewLittleBank/tests/Integration/Messaging/RebusEndToEndTests.cs(133,75): warning xUnit1030: Test methods should not call ConfigureAwait(false), as it may bypass parallelization limits. Omit ConfigureAwait, or use ConfigureAwait(true) to avoid CA2007. (https://xunit.net/xunit.analyzers/rules/xUnit1030) [/home/roberson/Dev/MyNewLittleBank/tests/Integration/MyNewLittleBank.Tests.Integration.csproj]
/home/roberson/Dev/MyNewLittleBank/tests/Integration/Messaging/RebusEndToEndTests.cs(144,36): warning CA2007: Considere chamar ConfigureAwait na tarefa esperada (https://learn.microsoft.com/dotnet/fundamentals/code-analysis/quality-rules/ca2007) [/home/roberson/Dev/MyNewLittleBank/tests/Integration/MyNewLittleBank.Tests.Integration.csproj]
/home/roberson/Dev/MyNewLittleBank/tests/Integration/Messaging/RebusEndToEndTests.cs(95,36): warning CA2007: Considere chamar ConfigureAwait na tarefa esperada (https://learn.microsoft.com/dotnet/fundamentals/code-analysis/quality-rules/ca2007) [/home/roberson/Dev/MyNewLittleBank/tests/Integration/MyNewLittleBank.Tests.Integration.csproj]
/home/roberson/Dev/MyNewLittleBank/tests/Integration/Services/OutboxInboxTests.cs(47,30): warning CA2000: Chame System.IDisposable.Dispose no objeto criado por 'new OutboxDispatcher(' antes que todas as referências a ele fiquem fora do escopo (https://learn.microsoft.com/dotnet/fundamentals/code-analysis/quality-rules/ca2000) [/home/roberson/Dev/MyNewLittleBank/tests/Integration/MyNewLittleBank.Tests.Integration.csproj]
/home/roberson/Dev/MyNewLittleBank/tests/Integration/Messaging/RebusEndToEndTests.cs(230,33): warning CA1305: O comportamento de 'int.ToString()' pode variar dependendo das configurações de localidade do usuário atual. Substitua esta chamada em 'RebusEndToEndTests.CreateRabbitSettings(string, [int?])' por uma chamada para 'int.ToString(IFormatProvider)'. (https://learn.microsoft.com/dotnet/fundamentals/code-analysis/quality-rules/ca1305) [/home/roberson/Dev/MyNewLittleBank/tests/Integration/MyNewLittleBank.Tests.Integration.csproj]
/home/roberson/Dev/MyNewLittleBank/tests/Integration/Messaging/RebusEndToEndTests.cs(242,39): warning CA1305: O comportamento de 'int.ToString()' pode variar dependendo das configurações de localidade do usuário atual. Substitua esta chamada em 'RebusEndToEndTests.CreateRabbitSettings(string, [int?])' por uma chamada para 'int.ToString(IFormatProvider)'. (https://learn.microsoft.com/dotnet/fundamentals/code-analysis/quality-rules/ca1305) [/home/roberson/Dev/MyNewLittleBank/tests/Integration/MyNewLittleBank.Tests.Integration.csproj]
/home/roberson/Dev/MyNewLittleBank/tests/Integration/Messaging/RebusEndToEndTests.cs(119,26): warning CA2000: Chame System.IDisposable.Dispose no objeto criado por 'new OutboxDispatcher(' antes que todas as referências a ele fiquem fora do escopo (https://learn.microsoft.com/dotnet/fundamentals/code-analysis/quality-rules/ca2000) [/home/roberson/Dev/MyNewLittleBank/tests/Integration/MyNewLittleBank.Tests.Integration.csproj]
/home/roberson/Dev/MyNewLittleBank/tests/Integration/Messaging/RebusEndToEndTests.cs(253,33): warning CA1305: O comportamento de 'int.ToString()' pode variar dependendo das configurações de localidade do usuário atual. Substitua esta chamada em 'RebusEndToEndTests.CreateRabbitSettingsForQueue(string)' por uma chamada para 'int.ToString(IFormatProvider)'. (https://learn.microsoft.com/dotnet/fundamentals/code-analysis/quality-rules/ca1305) [/home/roberson/Dev/MyNewLittleBank/tests/Integration/MyNewLittleBank.Tests.Integration.csproj]
/home/roberson/Dev/MyNewLittleBank/tests/Integration/Messaging/RebusEndToEndTests.cs(293,26): warning CA1812: 'RebusEndToEndTests.FailingConsumer' é uma classe interna que aparentemente nunca é instanciada. Em caso afirmativo, remova o código do assembly. Se esta classe destina-se a conter apenas membros estáticos, torne-a 'static' (Module in Visual Basic). (https://learn.microsoft.com/dotnet/fundamentals/code-analysis/quality-rules/ca1812) [/home/roberson/Dev/MyNewLittleBank/tests/Integration/MyNewLittleBank.Tests.Integration.csproj]
/home/roberson/Dev/MyNewLittleBank/src/Services.Card/Program.cs(16,14): warning CS0219: A variável "serviceName" é atribuída, mas seu valor nunca é usado [/home/roberson/Dev/MyNewLittleBank/src/Services.Card/Services.Card.csproj]
/home/roberson/Dev/MyNewLittleBank/src/Services.Card/CardTransactionReceiver.cs(72,13): warning CA1848: Para melhorar o desempenho, use os delegados LoggerMessage em vez de chamar 'LoggerExtensions.LogWarning(ILogger, string?, params object?[])' (https://learn.microsoft.com/dotnet/fundamentals/code-analysis/quality-rules/ca1848) [/home/roberson/Dev/MyNewLittleBank/src/Services.Card/Services.Card.csproj]
/home/roberson/Dev/MyNewLittleBank/src/Services.Card/Program.cs(16,14): warning S1481: Remove the unused local variable 'serviceName'. (https://rules.sonarsource.com/csharp/RSPEC-1481) [/home/roberson/Dev/MyNewLittleBank/src/Services.Card/Services.Card.csproj]
/home/roberson/Dev/MyNewLittleBank/src/Services.Money/Program.cs(16,14): warning CS0219: A variável "serviceName" é atribuída, mas seu valor nunca é usado [/home/roberson/Dev/MyNewLittleBank/src/Services.Money/Services.Money.csproj]
/home/roberson/Dev/MyNewLittleBank/src/Services.Money/MoneyTransactionReceiver.cs(72,13): warning CA1848: Para melhorar o desempenho, use os delegados LoggerMessage em vez de chamar 'LoggerExtensions.LogWarning(ILogger, string?, params object?[])' (https://learn.microsoft.com/dotnet/fundamentals/code-analysis/quality-rules/ca1848) [/home/roberson/Dev/MyNewLittleBank/src/Services.Money/Services.Money.csproj]
/home/roberson/Dev/MyNewLittleBank/src/Services.Money/Program.cs(16,14): warning S1481: Remove the unused local variable 'serviceName'. (https://rules.sonarsource.com/csharp/RSPEC-1481) [/home/roberson/Dev/MyNewLittleBank/src/Services.Money/Services.Money.csproj]
/home/roberson/Dev/MyNewLittleBank/src/Services.Pix/Program.cs(16,14): warning CS0219: A variável "serviceName" é atribuída, mas seu valor nunca é usado [/home/roberson/Dev/MyNewLittleBank/src/Services.Pix/Services.Pix.csproj]
/home/roberson/Dev/MyNewLittleBank/src/Services.Pix/PixTransactionReceiver.cs(72,13): warning CA1848: Para melhorar o desempenho, use os delegados LoggerMessage em vez de chamar 'LoggerExtensions.LogWarning(ILogger, string?, params object?[])' (https://learn.microsoft.com/dotnet/fundamentals/code-analysis/quality-rules/ca1848) [/home/roberson/Dev/MyNewLittleBank/src/Services.Pix/Services.Pix.csproj]
/home/roberson/Dev/MyNewLittleBank/src/Services.Pix/Program.cs(16,14): warning S1481: Remove the unused local variable 'serviceName'. (https://rules.sonarsource.com/csharp/RSPEC-1481) [/home/roberson/Dev/MyNewLittleBank/src/Services.Pix/Services.Pix.csproj]
    142 Aviso(s)
    0 Erro(s)

Tempo Decorrido 00:00:04.56
